gufi_find completion function:
__gufi

gufi_ls completion function:
__gufi

gufi_stats completion function:
__gufi

Search entries:
prefix/

Index root entries:
.hidden 1KB 1MB directory/ empty_directory/ file_symlink leaf_directory/ old_file repeat_name unusual#? directory ,/

Index root entries starting with ".":
prefix/.hidden 

Index root entries starting with "1":
1KB 1MB

Index root entries starting with "o":
prefix/old_file 

Index root entries starting with "w" (none):
prefix/

Index root entries starting with "dir":
prefix/directory/

The "directory" directory:
executable readonly subdirectory/ writable

The "directory" directory with a slash:
executable readonly subdirectory/ writable

Directories under directory whose names start with "sub":
prefix/directory/subdirectory/

The "directory/subdirectory" directory:
directory_symlink repeat_name

