# generate the source tree but don't index just yet
$ generatetree "prefix"

# generate collection db for collection1
$ sqlite3 "collection1.db" "SELECT uuid, info1 FROM data ORDER BY info1;"
<uuid>|0
<uuid>|1
<uuid>|2
<uuid>|3
<uuid>|4

# generate collection db for collection2
$ sqlite3 "collection2.db" "SELECT uuid, info2 FROM data ORDER BY info2;"
<uuid>|5
<uuid>|6
<uuid>|7
<uuid>|8
<uuid>|9

# mark files as belonging to collections

# index updated tree with DSI plugin
$ gufi_dir2index -x --plugin "gufi_plugin_operations:dsi_indexing_plugin" "prefix" "search"
Creating GUFI tree search with 1 threads
Total Dirs:          6
Total Non-Dirs:      16

# query collection1 with gufi_vt, joining externally
$ (
    echo ".load gufi_vt"
    echo "CREATE VIRTUAL TABLE gufi USING gufi_vt(
    E="SELECT rpath(sname, sroll, name) AS fullpath, dsi_uuid(xattr_name, xattr_value) AS uuid FROM vrxpentries WHERE (dsi_collection_name(xattr_name) == 'collection1') AND (uuid IS NOT NULL);",
    plugin="gufi_plugin_operations:dsi_querying_plugin",
    "prefix");
ATTACH 'file:prefix/collection1.db?mode=ro' AS collection1;
SELECT fullpath, info1 FROM gufi JOIN collection1.data ON gufi.uuid == collection1.data.uuid ORDER BY info1 ASC;"
) | sqlite3
prefix/1KB|0
prefix/1MB|1
prefix/directory/executable|2
prefix/directory/writable|3
prefix/repeat_name|4

# query collection1 with gufi_vt, joining in gufi_vt
$ (
    echo ".load gufi_vt"
    echo "CREATE VIRTUAL TABLE gufi USING gufi_vt(
    I="CREATE TABLE intermediate(fullpath TEXT, uuid TEXT);",
    E="INSERT INTO  intermediate SELECT rpath(sname, sroll, name) AS fullpath, dsi_uuid(xattr_name, xattr_value) AS uuid FROM vrxpentries WHERE (dsi_collection_name(xattr_name) == 'collection1') AND (uuid IS NOT NULL);",
    K="CREATE TABLE aggregate(fullpath TEXT, uuid TEXT); ATTACH 'file:prefix/collection1.db?mode=ro' AS collection1;",
    J="INSERT INTO  aggregate SELECT * FROM intermediate;",
    G="SELECT fullpath, info1 FROM aggregate JOIN collection1.data ON aggregate.uuid == collection1.data.uuid ORDER BY info1;",
    plugin="gufi_plugin_operations:dsi_querying_plugin",
    "prefix");
SELECT * FROM gufi;"
) | sqlite3
prefix/1KB|0
prefix/1MB|1
prefix/directory/executable|2
prefix/directory/writable|3
prefix/repeat_name|4

# query collection2 with gufi_vt, joining externally
$ (
    echo ".load gufi_vt"
    echo "CREATE VIRTUAL TABLE gufi USING gufi_vt(
    E="SELECT rpath(sname, sroll, name) AS fullpath, dsi_uuid(xattr_name, xattr_value) AS uuid FROM vrxpentries WHERE (dsi_collection_name(xattr_name) == 'collection2') AND (uuid IS NOT NULL);",
    plugin="gufi_plugin_operations:dsi_querying_plugin",
    "prefix");
ATTACH 'file:prefix/collection2.db?mode=ro' AS collection2;
SELECT fullpath, info2 FROM gufi JOIN collection2.data ON gufi.uuid == collection2.data.uuid ORDER BY info2 ASC;"
) | sqlite3
prefix/.hidden|5
prefix/old_file|6
prefix/leaf_directory/leaf_file1|7
prefix/leaf_directory/leaf_file2|8
prefix/repeat_name|9

# query collection2 with gufi_vt, joining in gufi_vt
$ (
    echo ".load gufi_vt"
    echo "CREATE VIRTUAL TABLE gufi USING gufi_vt(
    I="CREATE TABLE intermediate(fullpath TEXT, uuid TEXT);",
    E="INSERT INTO  intermediate SELECT rpath(sname, sroll, name) AS fullpath, dsi_uuid(xattr_name, xattr_value) AS uuid FROM vrxpentries WHERE (dsi_collection_name(xattr_name) == 'collection2') AND (uuid IS NOT NULL);",
    K="CREATE TABLE aggregate(fullpath TEXT, uuid TEXT); ATTACH 'file:prefix/collection2.db?mode=ro' AS collection2;",
    J="INSERT INTO  aggregate SELECT * FROM intermediate;",
    G="SELECT fullpath, info2 FROM aggregate JOIN collection2.data ON aggregate.uuid == collection2.data.uuid ORDER BY info2;",
    plugin="gufi_plugin_operations:dsi_querying_plugin",
    "prefix");
SELECT * FROM gufi;"
) | sqlite3
prefix/.hidden|5
prefix/old_file|6
prefix/leaf_directory/leaf_file1|7
prefix/leaf_directory/leaf_file2|8
prefix/repeat_name|9

# dsi_collection_name with bad xxatr names
$ (
    echo ".load gufi_vt"
    echo "CREATE VIRTUAL TABLE gufi USING gufi_vt(
    E="SELECT dsi_collection_name(NULL), dsi_collection_name('') FROM vrxpentries;",
    plugin="gufi_plugin_operations:dsi_querying_plugin",
    "prefix");
SELECT * FROM gufi LIMIT 1;"
) | sqlite3
|

# dsi_uuid with bad xattr names
$ (
    echo ".load gufi_vt"
    echo "CREATE VIRTUAL TABLE gufi USING gufi_vt(
    E="SELECT dsi_uuid(NULL, NULL), dsi_uuid('', NULL) FROM vrxpentries;",
    plugin="gufi_plugin_operations:dsi_querying_plugin",
    "prefix");
SELECT * FROM gufi LIMIT 1;"
) | sqlite3
|

# dsi_uuid with NULL xattr value
$ (
    echo ".load gufi_vt"
    echo "CREATE VIRTUAL TABLE gufi USING gufi_vt(
    E="SELECT dsi_uuid('user.COL.file.collection', NULL) FROM vrxpentries WHERE level() == 0;",
    plugin="gufi_plugin_operations:dsi_querying_plugin",
    "prefix");
SELECT * FROM gufi;"
) | sqlite3
Error: Cannot get DSI UUID: prefix/db.db: "SELECT dsi_uuid('user.COL.file.collection', NULL) FROM vrxpentries WHERE level() == 0;"

# dsi_uuid with empty xattr value
$ (
    echo ".load gufi_vt"
    echo "CREATE VIRTUAL TABLE gufi USING gufi_vt(
    E="SELECT dsi_uuid('user.COL.file.collection', '') FROM vrxpentries WHERE level() == 0;",
    plugin="gufi_plugin_operations:dsi_querying_plugin",
    "prefix");
SELECT * FROM gufi;"
) | sqlite3
Error: Cannot get DSI UUID: prefix/db.db: "SELECT dsi_uuid('user.COL.file.collection', '') FROM vrxpentries WHERE level() == 0;"

# dsi_dbpath calls
$ (
    echo ".load gufi_vt"
    echo "CREATE VIRTUAL TABLE gufi USING gufi_vt(
    E="SELECT dsi_dbpath('user.COL.file.collection', '00000000-0000-0000-0000-000000000000./collection/db/path'), dsi_dbpath(NULL, NULL), dsi_dbpath('', NULL) FROM vrxpentries;",
    plugin="gufi_plugin_operations:dsi_querying_plugin",
    "prefix");
SELECT * FROM gufi LIMIT 1;"
) | sqlite3
/collection/db/path||

# dsi_dbpath with NULL xattr value
$ (
    echo ".load gufi_vt"
    echo "CREATE VIRTUAL TABLE gufi USING gufi_vt(
    E="SELECT dsi_dbpath('user.COL.file.collection', NULL) FROM vrxpentries WHERE level() == 0;",
    plugin="gufi_plugin_operations:dsi_querying_plugin",
    "prefix");
SELECT * FROM gufi;"
) | sqlite3
Error: Cannot get DSI collection database path: prefix/db.db: "SELECT dsi_dbpath('user.COL.file.collection', NULL) FROM vrxpentries WHERE level() == 0;"

# dsi_dbpath with empty xattr value
$ (
    echo ".load gufi_vt"
    echo "CREATE VIRTUAL TABLE gufi USING gufi_vt(
    E="SELECT dsi_dbpath('user.COL.file.collection', '') FROM vrxpentries WHERE level() == 0;",
    plugin="gufi_plugin_operations:dsi_querying_plugin",
    "prefix");
SELECT * FROM gufi;"
) | sqlite3
Error: Cannot get DSI collection database path: prefix/db.db: "SELECT dsi_dbpath('user.COL.file.collection', '') FROM vrxpentries WHERE level() == 0;"

