$ gufi_ls
prefix

$ gufi_ls --verbose
GUFI query is
   gufi_query \
    --no-print-sql-on-err \
    --threads 1 \
    --min-level 0 \
    --max-level 2 \
    -I 'CREATE TABLE out (fullpath TEXT, name TEXT, type TEXT, inode INT64, nlink INT64, size INT64, mode INT64, uid INT64, gid INT64, blksize INT64, blocks INT64, mtime INT64, atime INT64, ctime INT64, linkname TEXT, xattr_names TEXT, pinode INT64);' \
    -S 'INSERT INTO out SELECT rpath(sname, sroll), basename(name), type, inode, nlink, size, mode, uid, gid, blksize, blocks, mtime, atime, ctime, linkname, xattr_names, pinode FROM vrsummary WHERE (name REGEXP '"'"'^(?![\.]).*$'"'"') AND (
    CASE level()
        WHEN 0 THEN
            CASE rollupscore
                WHEN 0 THEN FALSE
                WHEN 1 THEN (isroot == 0 AND depth == 1)
            END
        WHEN 1 THEN
            (isroot == 1 AND depth == 0)
    END
)' \
    -E 'INSERT INTO out SELECT rpath(sname, sroll) || '"'"'/'"'"' || name, name, type, inode, nlink, size, mode, uid, gid, blksize, blocks, mtime, atime, ctime, linkname, xattr_names, pinode FROM vrpentries WHERE (name REGEXP '"'"'^(?![\.]).*$'"'"') AND (atroot == 1) AND (level() == 0)' \
    -K 'CREATE TABLE aggregate (fullpath TEXT, name TEXT, type TEXT, inode INT64, nlink INT64, size INT64, mode INT64, uid INT64, gid INT64, blksize INT64, blocks INT64, mtime INT64, atime INT64, ctime INT64, linkname TEXT, xattr_names TEXT, pinode INT64);' \
    -J 'INSERT INTO aggregate SELECT * FROM out' \
    -G 'SELECT name AS display_name FROM aggregate ORDER BY display_name COLLATE NOCASE ASC' \
    -a 1 \
    --output-buffer-size 4096 \
    --delim ' ' \
    search
prefix

$ gufi_ls -R
prefix
prefix/1KB
prefix/1MB
prefix/directory
prefix/directory/executable
prefix/directory/readonly
prefix/directory/subdirectory
prefix/directory/subdirectory/directory_symlink
prefix/directory/subdirectory/repeat_name
prefix/directory/writable
prefix/empty_directory
prefix/file_symlink
prefix/leaf_directory
prefix/leaf_directory/leaf_file1
prefix/leaf_directory/leaf_file2
prefix/old_file
prefix/repeat_name
prefix/unusual#? directory ,
prefix/unusual#? directory ,/unusual, name?#

$ gufi_ls prefix
1KB
1MB
directory
empty_directory
file_symlink
leaf_directory
old_file
repeat_name
unusual#? directory ,

$ gufi_ls prefix -a
.hidden
1KB
1MB
directory
empty_directory
file_symlink
leaf_directory
old_file
repeat_name
unusual#? directory ,

$ gufi_ls prefix -A
.hidden
1KB
1MB
directory
empty_directory
file_symlink
leaf_directory
old_file
repeat_name
unusual#? directory ,

$ gufi_ls prefix -h
1KB
1MB
directory
empty_directory
file_symlink
leaf_directory
old_file
repeat_name
unusual#? directory ,

$ gufi_ls prefix -i | sort -n
0 old_file
7 directory
8 empty_directory
9 file_symlink
13 leaf_directory
14 repeat_name
16 unusual#? directory ,
1024 1KB
1048576 1MB

$ gufi_ls prefix -R
prefix/1KB
prefix/1MB
prefix/directory
prefix/directory/executable
prefix/directory/readonly
prefix/directory/subdirectory
prefix/directory/subdirectory/directory_symlink
prefix/directory/subdirectory/repeat_name
prefix/directory/writable
prefix/empty_directory
prefix/file_symlink
prefix/leaf_directory
prefix/leaf_directory/leaf_file1
prefix/leaf_directory/leaf_file2
prefix/old_file
prefix/repeat_name
prefix/unusual#? directory ,
prefix/unusual#? directory ,/unusual, name?#

$ gufi_ls prefix -r
unusual#? directory ,
repeat_name
old_file
leaf_directory
file_symlink
empty_directory
directory
1MB
1KB

$ gufi_ls prefix -s  | grep -v -e '.*directory.*' -e 'file_symlink' | awk '{ $1=0; print }'
0 1KB
0 1MB
0 old_file
0 repeat_name

$ gufi_ls prefix -S  | grep -v '.*directory.*'
1MB
1KB
repeat_name
file_symlink
old_file

$ gufi_ls prefix -t
1MB
1KB
unusual#? directory ,
repeat_name
leaf_directory
file_symlink
empty_directory
directory
old_file

$ gufi_ls prefix -ar
unusual#? directory ,
repeat_name
old_file
leaf_directory
file_symlink
empty_directory
directory
1MB
1KB
.hidden

$ gufi_ls prefix -arR
prefix/unusual#? directory ,/unusual, name?#
prefix/unusual#? directory ,
prefix/repeat_name
prefix/old_file
prefix/leaf_directory/leaf_file2
prefix/leaf_directory/leaf_file1
prefix/leaf_directory
prefix/file_symlink
prefix/empty_directory
prefix/directory/writable
prefix/directory/subdirectory/repeat_name
prefix/directory/subdirectory/directory_symlink
prefix/directory/subdirectory
prefix/directory/readonly
prefix/directory/executable
prefix/directory
prefix/1MB
prefix/1KB
prefix/.hidden

$ gufi_ls prefix -Sr | grep -v '.*directory.*'
old_file
file_symlink
repeat_name
1KB
1MB

$ sqlite3 "prefix/db.db" "INSERT INTO entries (name) VALUES ('backup~');"

$ gufi_ls prefix -B
1KB
1MB
directory
empty_directory
file_symlink
leaf_directory
old_file
repeat_name
unusual#? directory ,

$ sqlite3 "prefix/db.db" "DELETE FROM entries WHERE name == 'backup~';"

# ls -l with subdirectories removed
$ gufi_ls prefix -l | sort -k 9
-rw-rw-r-- 1 user group 1024    Jan   1  1970 1KB
-rw-rw-r-- 1 user group 1048576 Jan  13  1970 1MB
lrwxrwxrwx 1 user group 9       Jan   1  1970 file_symlink -> prefix/1KB
-rw-rw-r-- 1 user group 0       Jan   1  1970 old_file
-rw-rw-r-- 1 user group 14      Jan   1  1970 repeat_name

# ls -lG with subdirectories removed
$ gufi_ls prefix -lG | sort -k 8
-rw-rw-r-- 1 user 1024    Jan   1  1970 1KB
-rw-rw-r-- 1 user 1048576 Jan  13  1970 1MB
lrwxrwxrwx 1 user 9       Jan   1  1970 file_symlink -> prefix/1KB
-rw-rw-r-- 1 user 0       Jan   1  1970 old_file
-rw-rw-r-- 1 user 14      Jan   1  1970 repeat_name

# ls -ilG with subdirectories removed
$ gufi_ls prefix -ilG | sort -k 9
1024    -rw-rw-r-- 1 user 1024    Jan   1  1970 1KB
1048576 -rw-rw-r-- 1 user 1048576 Jan  13  1970 1MB
9       lrwxrwxrwx 1 user 9       Jan   1  1970 file_symlink -> prefix/1KB
0       -rw-rw-r-- 1 user 0       Jan   1  1970 old_file
14      -rw-rw-r-- 1 user 14      Jan   1  1970 repeat_name

# ls -ailG with subdirectories removed
$ gufi_ls prefix -ailG | sort -k 9
10      -rw-rw-r-- 1 user 10      Jan   1  1970 .hidden
1024    -rw-rw-r-- 1 user 1024    Jan   1  1970 1KB
1048576 -rw-rw-r-- 1 user 1048576 Jan  13  1970 1MB
9       lrwxrwxrwx 1 user 9       Jan   1  1970 file_symlink -> prefix/1KB
0       -rw-rw-r-- 1 user 0       Jan   1  1970 old_file
14      -rw-rw-r-- 1 user 14      Jan   1  1970 repeat_name

$ gufi_ls prefix/old_file --full-time
-rw-rw-r-- 1 user group 0 1970-01-01 00:00:00 +0000 old_file

$ gufi_ls prefix/old_file -l --time-style=full-iso
-rw-rw-r-- 1 user group 0 1970-01-01 00:00:00 +0000 old_file

$ gufi_ls prefix/old_file -l --time-style=long-iso
-rw-rw-r-- 1 user group 0 1970-01-01 00:00:00 old_file

$ gufi_ls prefix/old_file -l --time-style=iso
-rw-rw-r-- 1 user group 0 01-01 00:00 old_file

$ gufi_ls prefix/old_file -l --time-style=locale
-rw-rw-r-- 1 user group 0 Jan   1 00:00 old_file

$ gufi_ls prefix/old_file -l
-rw-rw-r-- 1 user group 0 Jan   1  1970 old_file

$ gufi_ls prefix/old_file --time-style=full-iso
old_file

$ gufi_ls prefix/old_file --time-style=long-iso
old_file

$ gufi_ls prefix/old_file --time-style=iso
old_file

$ gufi_ls prefix/old_file --time-style=locale
old_file

$ gufi_ls -l --block-size=1000 prefix/1KB
-rw-rw-r-- 1 user group 2 Jan   1  1970 1KB

$ gufi_ls -l --block-size=1024 prefix/1KB
-rw-rw-r-- 1 user group 1 Jan   1  1970 1KB

$ gufi_ls -l --block-size=K    prefix/1KB
-rw-rw-r-- 1 user group 1K Jan   1  1970 1KB

$ gufi_ls -l --block-size=1K   prefix/1KB
-rw-rw-r-- 1 user group 1 Jan   1  1970 1KB

$ gufi_ls -l --block-size=KB   prefix/1KB
-rw-rw-r-- 1 user group 2KB Jan   1  1970 1KB

$ gufi_ls -l --block-size=1KB  prefix/1KB
-rw-rw-r-- 1 user group 2 Jan   1  1970 1KB

$ gufi_ls -l --block-size=KiB  prefix/1KB
-rw-rw-r-- 1 user group 1KiB Jan   1  1970 1KB

$ gufi_ls -l --block-size=1KiB prefix/1KB
-rw-rw-r-- 1 user group 1 Jan   1  1970 1KB

$ gufi_ls --block-size=K    prefix/1KB
1KB

$ gufi_ls --block-size=1K   prefix/1KB
1KB

$ gufi_ls --block-size=KB   prefix/1KB
1KB

$ gufi_ls --block-size=1KB  prefix/1KB
1KB

$ gufi_ls --block-size=KiB  prefix/1KB
1KB

$ gufi_ls --block-size=1KiB prefix/1KB
1KB

$ gufi_ls -lG prefix/old_file
-rw-rw-r-- 1 user 0 Jan   1  1970 old_file

$ gufi_ls -G  prefix/old_file
old_file

$ gufi_ls -lh prefix/1KB
-rw-rw-r-- 1 user group 1.0K Jan   1  1970 1KB

$ gufi_ls -lh prefix/1MB
-rw-rw-r-- 1 user group 1.0M Jan  13  1970 1MB

$ gufi_ls -h prefix/1KB
1KB

$ gufi_ls -h prefix/1MB
1MB

$ gufi_ls --block-size=YiB 2>&1 | tail -n 1
gufi_ls: error: argument --block-size: Invalid --block-size argument: 'YiB'

$ gufi_ls --block-size=- 2>&1 | tail -n 1
gufi_ls: error: argument --block-size: Invalid --block-size argument: '-'

$ gufi_ls --block-size=-1GB 2>&1 | tail -n 1
gufi_ls: error: argument --block-size: Invalid --block-size argument: '-1GB'

$ gufi_ls --block-size=0GB 2>&1 | tail -n 1
gufi_ls: error: argument --block-size: Invalid --block-size argument: '0GB'

$ gufi_ls --skip "skip" prefix
1KB
1MB
empty_directory
file_symlink
leaf_directory
old_file
repeat_name
unusual#? directory ,

$ gufi_ls --skip "skip.bad" prefix
Error: Cannot open skip file "skip.bad"

$ gufi_ls .. prefix/../..
Warning: Ignoring path "..", which is not under index root "search"
Warning: Ignoring path "prefix/../..", which is not under index root "search"

