# gufi_dir2index help
$ gufi_dir2index
usage: gufi_dir2index [options] input_dir... output_dir
options:
  -h                     help
  -H                     show assigned input values (debugging)
  -v                     version
  -n <threads>           number of threads
  -x                     index/query xattrs
  -y <min level>         minimum level to go down
  -z <max level>         maximum level to go down
  -k <filename>          file containing directory names to skip
  -M <bytes>             target memory footprint
  -s <path>              File name prefix for swap files
  -C <count>             Number of subdirectories allowed to be enqueued for parallel processing. Any remainders will be processed in-situ
  -e                     compress work items
  -q                     check that external databases are valid before tracking during indexing
  -D <start> <stop>      Start and stop path names for partial indexing

input_dir...      walk one or more trees to produce GUFI index
output_dir        build GUFI index here


Index Everything:

    Creating GUFI Index search with 1 threads
    Total Dirs:          6
    Total Non-Dirs:      14

    Source Directory:                                        GUFI Tree:
        prefix                                                   prefix
        prefix/.hidden                                           prefix/.hidden
        prefix/1KB                                               prefix/1KB
        prefix/1MB                                               prefix/1MB
        prefix/directory                                         prefix/directory
        prefix/directory/executable                              prefix/directory/executable
        prefix/directory/readonly                                prefix/directory/readonly
        prefix/directory/subdirectory                            prefix/directory/subdirectory
        prefix/directory/subdirectory/directory_symlink          prefix/directory/subdirectory/directory_symlink
        prefix/directory/subdirectory/repeat_name                prefix/directory/subdirectory/repeat_name
        prefix/directory/writable                                prefix/directory/writable
        prefix/empty_directory                                   prefix/empty_directory
        prefix/file_symlink                                      prefix/file_symlink
        prefix/leaf_directory                                    prefix/leaf_directory
        prefix/leaf_directory/leaf_file1                         prefix/leaf_directory/leaf_file1
        prefix/leaf_directory/leaf_file2                         prefix/leaf_directory/leaf_file2
        prefix/old_file                                          prefix/old_file
        prefix/repeat_name                                       prefix/repeat_name
        prefix/unusual#? directory ,                             prefix/unusual#? directory ,
        prefix/unusual#? directory ,/unusual, name?#             prefix/unusual#? directory ,/unusual, name?#

Index starting at level 0:

    Creating GUFI Index search with 1 threads
    Total Dirs:          6
    Total Non-Dirs:      14

    Source Directory:                                        GUFI Tree:
        prefix                                                   prefix
        prefix/.hidden                                           prefix/.hidden
        prefix/1KB                                               prefix/1KB
        prefix/1MB                                               prefix/1MB
        prefix/directory                                         prefix/directory
        prefix/directory/executable                              prefix/directory/executable
        prefix/directory/readonly                                prefix/directory/readonly
        prefix/directory/subdirectory                            prefix/directory/subdirectory
        prefix/directory/subdirectory/directory_symlink          prefix/directory/subdirectory/directory_symlink
        prefix/directory/subdirectory/repeat_name                prefix/directory/subdirectory/repeat_name
        prefix/directory/writable                                prefix/directory/writable
        prefix/empty_directory                                   prefix/empty_directory
        prefix/file_symlink                                      prefix/file_symlink
        prefix/leaf_directory                                    prefix/leaf_directory
        prefix/leaf_directory/leaf_file1                         prefix/leaf_directory/leaf_file1
        prefix/leaf_directory/leaf_file2                         prefix/leaf_directory/leaf_file2
        prefix/old_file                                          prefix/old_file
        prefix/repeat_name                                       prefix/repeat_name
        prefix/unusual#? directory ,                             prefix/unusual#? directory ,
        prefix/unusual#? directory ,/unusual, name?#             prefix/unusual#? directory ,/unusual, name?#

Index starting at level 1:

    Creating GUFI Index search with 1 threads
    Total Dirs:          5
    Total Non-Dirs:      8

    Source Directory:                                        GUFI Tree:
        prefix/directory                                         prefix/directory
        prefix/directory/executable                              prefix/directory/executable
        prefix/directory/readonly                                prefix/directory/readonly
        prefix/directory/subdirectory                            prefix/directory/subdirectory
        prefix/directory/subdirectory/directory_symlink          prefix/directory/subdirectory/directory_symlink
        prefix/directory/subdirectory/repeat_name                prefix/directory/subdirectory/repeat_name
        prefix/directory/writable                                prefix/directory/writable
        prefix/empty_directory                                   prefix/empty_directory
        prefix/leaf_directory                                    prefix/leaf_directory
        prefix/leaf_directory/leaf_file1                         prefix/leaf_directory/leaf_file1
        prefix/leaf_directory/leaf_file2                         prefix/leaf_directory/leaf_file2
        prefix/unusual#? directory ,                             prefix/unusual#? directory ,
        prefix/unusual#? directory ,/unusual, name?#             prefix/unusual#? directory ,/unusual, name?#

Index starting at level 2:

    Creating GUFI Index search with 1 threads
    Total Dirs:          1
    Total Non-Dirs:      2

    Source Directory:                                        GUFI Tree:
        prefix/directory/subdirectory                            prefix/directory/subdirectory
        prefix/directory/subdirectory/directory_symlink          prefix/directory/subdirectory/directory_symlink
        prefix/directory/subdirectory/repeat_name                prefix/directory/subdirectory/repeat_name

Index starting at level 3:

    Creating GUFI Index search with 1 threads
    Total Dirs:          0
    Total Non-Dirs:      0

    Source Directory:      GUFI Tree:

Index up to level 0:

    Creating GUFI Index search with 1 threads
    Total Dirs:          1
    Total Non-Dirs:      6

    Source Directory:            GUFI Tree:
        prefix                       prefix
        prefix/.hidden               prefix/.hidden
        prefix/1KB                   prefix/1KB
        prefix/1MB                   prefix/1MB
        prefix/file_symlink          prefix/file_symlink
        prefix/old_file              prefix/old_file
        prefix/repeat_name           prefix/repeat_name

Index up to level 1:

    Creating GUFI Index search with 1 threads
    Total Dirs:          5
    Total Non-Dirs:      12

    Source Directory:                                     GUFI Tree:
        prefix                                                prefix
        prefix/.hidden                                        prefix/.hidden
        prefix/1KB                                            prefix/1KB
        prefix/1MB                                            prefix/1MB
        prefix/directory                                      prefix/directory
        prefix/directory/executable                           prefix/directory/executable
        prefix/directory/readonly                             prefix/directory/readonly
        prefix/directory/writable                             prefix/directory/writable
        prefix/empty_directory                                prefix/empty_directory
        prefix/file_symlink                                   prefix/file_symlink
        prefix/leaf_directory                                 prefix/leaf_directory
        prefix/leaf_directory/leaf_file1                      prefix/leaf_directory/leaf_file1
        prefix/leaf_directory/leaf_file2                      prefix/leaf_directory/leaf_file2
        prefix/old_file                                       prefix/old_file
        prefix/repeat_name                                    prefix/repeat_name
        prefix/unusual#? directory ,                          prefix/unusual#? directory ,
        prefix/unusual#? directory ,/unusual, name?#          prefix/unusual#? directory ,/unusual, name?#

Index up to level 2:

    Creating GUFI Index search with 1 threads
    Total Dirs:          6
    Total Non-Dirs:      14

    Source Directory:                                        GUFI Tree:
        prefix                                                   prefix
        prefix/.hidden                                           prefix/.hidden
        prefix/1KB                                               prefix/1KB
        prefix/1MB                                               prefix/1MB
        prefix/directory                                         prefix/directory
        prefix/directory/executable                              prefix/directory/executable
        prefix/directory/readonly                                prefix/directory/readonly
        prefix/directory/subdirectory                            prefix/directory/subdirectory
        prefix/directory/subdirectory/directory_symlink          prefix/directory/subdirectory/directory_symlink
        prefix/directory/subdirectory/repeat_name                prefix/directory/subdirectory/repeat_name
        prefix/directory/writable                                prefix/directory/writable
        prefix/empty_directory                                   prefix/empty_directory
        prefix/file_symlink                                      prefix/file_symlink
        prefix/leaf_directory                                    prefix/leaf_directory
        prefix/leaf_directory/leaf_file1                         prefix/leaf_directory/leaf_file1
        prefix/leaf_directory/leaf_file2                         prefix/leaf_directory/leaf_file2
        prefix/old_file                                          prefix/old_file
        prefix/repeat_name                                       prefix/repeat_name
        prefix/unusual#? directory ,                             prefix/unusual#? directory ,
        prefix/unusual#? directory ,/unusual, name?#             prefix/unusual#? directory ,/unusual, name?#

Index up to level 3:

    Creating GUFI Index search with 1 threads
    Total Dirs:          6
    Total Non-Dirs:      14

    Source Directory:                                        GUFI Tree:
        prefix                                                   prefix
        prefix/.hidden                                           prefix/.hidden
        prefix/1KB                                               prefix/1KB
        prefix/1MB                                               prefix/1MB
        prefix/directory                                         prefix/directory
        prefix/directory/executable                              prefix/directory/executable
        prefix/directory/readonly                                prefix/directory/readonly
        prefix/directory/subdirectory                            prefix/directory/subdirectory
        prefix/directory/subdirectory/directory_symlink          prefix/directory/subdirectory/directory_symlink
        prefix/directory/subdirectory/repeat_name                prefix/directory/subdirectory/repeat_name
        prefix/directory/writable                                prefix/directory/writable
        prefix/empty_directory                                   prefix/empty_directory
        prefix/file_symlink                                      prefix/file_symlink
        prefix/leaf_directory                                    prefix/leaf_directory
        prefix/leaf_directory/leaf_file1                         prefix/leaf_directory/leaf_file1
        prefix/leaf_directory/leaf_file2                         prefix/leaf_directory/leaf_file2
        prefix/old_file                                          prefix/old_file
        prefix/repeat_name                                       prefix/repeat_name
        prefix/unusual#? directory ,                             prefix/unusual#? directory ,
        prefix/unusual#? directory ,/unusual, name?#             prefix/unusual#? directory ,/unusual, name?#

# build index in pieces
$ gufi_dir2index -y 2      -x prefix search
Creating GUFI Index search with 1 threads
Total Dirs:          1
Total Non-Dirs:      2

$ gufi_dir2index -y 1 -z 2 -x prefix search
"search" Already exists!
Creating GUFI Index search with 1 threads
Total Dirs:          5
Total Non-Dirs:      8

$ gufi_dir2index -y 0 -z 1 -x prefix search
"search" Already exists!
Creating GUFI Index search with 1 threads
Total Dirs:          5
Total Non-Dirs:      12

Expected Index:                                      Combined Index:
    prefix                                               prefix
    prefix/.hidden                                       prefix/.hidden
    prefix/1KB                                           prefix/1KB
    prefix/1MB                                           prefix/1MB
    prefix/directory                                     prefix/directory
    prefix/directory/executable                          prefix/directory/executable
    prefix/directory/readonly                            prefix/directory/readonly
    prefix/directory/subdirectory                        prefix/directory/subdirectory
    prefix/directory/subdirectory/directory_symlink      prefix/directory/subdirectory/directory_symlink
    prefix/directory/subdirectory/repeat_name            prefix/directory/subdirectory/repeat_name
    prefix/directory/writable                            prefix/directory/writable
    prefix/empty_directory                               prefix/empty_directory
    prefix/file_symlink                                  prefix/file_symlink
    prefix/leaf_directory                                prefix/leaf_directory
    prefix/leaf_directory/leaf_file1                     prefix/leaf_directory/leaf_file1
    prefix/leaf_directory/leaf_file2                     prefix/leaf_directory/leaf_file2
    prefix/old_file                                      prefix/old_file
    prefix/repeat_name                                   prefix/repeat_name
    prefix/unusual#? directory ,                         prefix/unusual#? directory ,
    prefix/unusual#? directory ,/unusual, name?#         prefix/unusual#? directory ,/unusual, name?#

# ######################################
# partial indexing [a, n)
$ rm -r "search"

$ gufi_dir2index -n 2 -D "a" "n" -y 1 "prefix" "search"
Creating GUFI Index search with 2 threads
Total Dirs:          4
Total Non-Dirs:      7

$ gufi_query -d " " -S "SELECT rpath(sname, sroll) FROM vrsummary;" -E "SELECT rpath(sname, sroll) || '/' || name FROM vrpentries;" "prefix"
Cannot attach database as "tree": unable to open database: file:prefix/db.db?mode=ro
prefix/directory
prefix/directory/executable
prefix/directory/readonly
prefix/directory/subdirectory
prefix/directory/subdirectory/directory_symlink
prefix/directory/subdirectory/repeat_name
prefix/directory/writable
prefix/empty_directory
prefix/leaf_directory
prefix/leaf_directory/leaf_file1
prefix/leaf_directory/leaf_file2

# ######################################

# ######################################
# partial indexing [n, {)
$ rm -r "search"

$ gufi_dir2index -n 2 -D "n" "{" -y 1 "prefix" "search"
Creating GUFI Index search with 2 threads
Total Dirs:          1
Total Non-Dirs:      1

$ gufi_query -d " " -S "SELECT rpath(sname, sroll) FROM vrsummary;" -E "SELECT rpath(sname, sroll) || '/' || name FROM vrpentries;" "prefix"
Cannot attach database as "tree": unable to open database: file:prefix/db.db?mode=ro
prefix/unusual#? directory ,
prefix/unusual#? directory ,/unusual, name?#

# ######################################

# ######################################
# combine partial indexing
$ rm -r "search"

$ gufi_dir2index -n 2 -D "a" "n" -y 1 "prefix" "search"
Creating GUFI Index search with 2 threads
Total Dirs:          4
Total Non-Dirs:      7

$ gufi_dir2index -n 2 -D "n" "{" -y 1 "prefix" "search"
"search" Already exists!
Creating GUFI Index search with 2 threads
Total Dirs:          1
Total Non-Dirs:      1

$ gufi_dir2index -n 2 -z 0 "prefix" "search"
"search" Already exists!
Creating GUFI Index search with 2 threads
Total Dirs:          1
Total Non-Dirs:      6

$ gufi_query -d " " -S "SELECT rpath(sname, sroll) FROM vrsummary;" -E "SELECT rpath(sname, sroll) || '/' || name FROM vrpentries;" "prefix"
prefix
prefix/.hidden
prefix/1KB
prefix/1MB
prefix/directory
prefix/directory/executable
prefix/directory/readonly
prefix/directory/subdirectory
prefix/directory/subdirectory/directory_symlink
prefix/directory/subdirectory/repeat_name
prefix/directory/writable
prefix/empty_directory
prefix/file_symlink
prefix/leaf_directory
prefix/leaf_directory/leaf_file1
prefix/leaf_directory/leaf_file2
prefix/old_file
prefix/repeat_name
prefix/unusual#? directory ,
prefix/unusual#? directory ,/unusual, name?#

# ######################################

# target is file
$ gufi_dir2index -n 2 "prefix" "prefix/1KB"
"prefix/1KB" Already exists!
Destination path is not a directory "prefix/1KB"

# source path is file
$ gufi_dir2index -n 2 "prefix/1KB" "search"
Creating GUFI Index search with 2 threads
Source path is not a directory "prefix/1KB"
Total Dirs:          0
Total Non-Dirs:      0

# empty source path
$ gufi_dir2index -n 2 "" "trace"
Creating GUFI Index trace with 2 threads
Could not resolve path "": No such file or directory (2)
Total Dirs:          0
Total Non-Dirs:      0

# skip file
$ gufi_dir2index -n 2 -k "skip" "prefix" "search"
"search" Already exists!
Creating GUFI Index search with 2 threads
Total Dirs:          4
Total Non-Dirs:      9

$ gufi_query -d " " -S "SELECT rpath(sname, sroll) FROM vrsummary;" -E "SELECT rpath(sname, sroll) || '/' || name FROM vrpentries;" "prefix"
prefix
prefix/.hidden
prefix/1KB
prefix/1MB
prefix/empty_directory
prefix/file_symlink
prefix/leaf_directory
prefix/leaf_directory/leaf_file1
prefix/leaf_directory/leaf_file2
prefix/old_file
prefix/repeat_name
prefix/unusual#? directory ,
prefix/unusual#? directory ,/unusual, name?#

# bad skip file
$ gufi_dir2index -n 2 -k "skip.bad" "prefix" "search"
Error: Cannot open skip file "skip.bad"

# bad thread count
$ gufi_dir2index -n 18446744073709551615 "prefix" "search"
"search" Already exists!
Error: Failed to start thread pool

