# gufi_treesummary help
$ gufi_treesummary
usage: gufi_treesummary [options] GUFI_index
options:
  -h                     help
  -H                     show assigned input values (debugging)
  -P                     print directories as they are encountered
  -n <threads>           number of threads
  -d <delim>             delimiter (one char)  [use 'x' for 0x1E]
  -X                     Dry run

GUFI_index               path to GUFI index


# Start with no treesummary tables
$ gufi_query -d " " -S "SELECT '' FROM tree.sqlite_master WHERE (type == 'table') AND (name == 'treesummary');" -E "SELECT rpath(sname, sroll) FROM vrsummary WHERE isroot == 1;" "prefix"

# Dry Run (7 xattrs because directory xattrs are not counted in treesummary)
$ gufi_treesummary -X -d " " "prefix"
WARNING: Not [re]generating tree-summary table with '-X'
totals:
totfiles 12 totlinks 2
totsize 1049668
totltk 11 totmtk 1 totltm 12 totmtm 0 totmtg 0 totmtt 0
totxattr 7

# Traversed paths (5)
$ gufi_treesummary -P -X -d "|" "prefix"
WARNING: Not [re]generating tree-summary table with '-X'
prefix/directory/subdirectory|d
prefix/directory|d
prefix/leaf_directory|d
prefix/unusual#? directory ,|d
prefix|d

# Still no treesummary table
$ gufi_query -d " " -S "SELECT '' FROM tree.sqlite_master WHERE (type == 'table') AND (name == 'treesummary');" -E "SELECT rpath(sname, sroll) FROM vrsummary WHERE isroot == 1;" "prefix"

# Generate treesummary table in prefix/directory
$ gufi_treesummary prefix/directory
totals:
totfiles 4 totlinks 1
totsize 11
totltk 4 totmtk 0 totltm 4 totmtm 0 totmtg 0 totmtt 0
totxattr 0

# One treesummary table
$ gufi_query -d " " -S "SELECT '' FROM tree.sqlite_master WHERE (type == 'table') AND (name == 'treesummary');" -E "SELECT rpath(sname, sroll) FROM vrsummary WHERE isroot == 1;" "prefix"
prefix/directory

# Generate treesummary table in prefix/leaf_directory
$ gufi_treesummary "prefix/leaf_directory"
totals:
totfiles 2 totlinks 0
totsize 21
totltk 2 totmtk 0 totltm 2 totmtm 0 totmtg 0 totmtt 0
totxattr 6

# Two treesummary tables
$ gufi_query -d " " -S "SELECT '' FROM tree.sqlite_master WHERE (type == 'table') AND (name == 'treesummary');" -E "SELECT rpath(sname, sroll) FROM vrsummary WHERE isroot == 1;" "prefix"
prefix/directory
prefix/leaf_directory

# Traversed paths (4 - prefix/directory/subdirectory is not walked again)
$ gufi_treesummary -P -X -d "|" "prefix"
WARNING: Not [re]generating tree-summary table with '-X'
prefix/directory|d
prefix/leaf_directory|d
prefix/unusual#? directory ,|d
prefix|d

# Generate treesummary table in prefix
$ gufi_treesummary prefix
totals:
totfiles 12 totlinks 2
totsize 1049668
totltk 11 totmtk 1 totltm 12 totmtm 0 totmtg 0 totmtt 0
totxattr 7

# Three treesummary tables
$ gufi_query -d " " -S "SELECT '' FROM tree.sqlite_master WHERE (type == 'table') AND (name == 'treesummary');" -E "SELECT rpath(sname, sroll) FROM vrsummary WHERE isroot == 1;" "prefix"
prefix
prefix/directory
prefix/leaf_directory

# Add 100 files to summary.totfiles in prefix/unusual#? directory ,
$ sqlite3 "prefix/unusual#? directory ,/db.db" "UPDATE summary SET totfiles = 100;"

# Regenerate treesummary table in prefix
$ gufi_treesummary "prefix"
totals:
totfiles 111 totlinks 2
totsize 1049668
totltk 11 totmtk 1 totltm 12 totmtm 0 totmtg 0 totmtt 0
totxattr 7

# Still three treesummary tables
$ gufi_query -d " " -S "SELECT '' FROM tree.sqlite_master WHERE (type == 'table') AND (name == 'treesummary');" -E "SELECT rpath(sname, sroll) FROM vrsummary WHERE isroot == 1;" "prefix"
prefix
prefix/directory
prefix/leaf_directory

# Find file sizes in range
$ gufi_query -d " " -T "SELECT '' FROM tree.treesummary WHERE (minsize <= 0) and (10 <= maxsize);" -E "SELECT rpath(sname, sroll) || '/' || name, size FROM vrpentries WHERE (0 <= size) AND (size <= 10) ORDER BY size ASC;" prefix
prefix/old_file 0
prefix/file_symlink 8
prefix/.hidden 9

# Find directories that have xattrs
$ gufi_query -d " " -T "SELECT '' FROM tree.treesummary WHERE totxattr >  0;" -S "SELECT rpath(sname, sroll), totxattr FROM vrsummary WHERE totxattr > 0;" prefix
prefix 1
prefix/leaf_directory 6

# Walk this tree if it has xattrs
$ gufi_query -d " " -T "SELECT '' FROM tree.treesummary WHERE totxattr != 0;" -S "SELECT rpath(sname, sroll), totxattr FROM vrsummary;" prefix
prefix 1
prefix/leaf_directory 6
prefix/unusual#? directory , 0

# Bad path
$ gufi_treesummary "prefix/1KB"
Cannot open database: prefix/1KB/db.db unable to open database file rc 14
totals:
totfiles 0 totlinks 0
totsize 0
totltk 0 totmtk 0 totltm 0 totmtm 0 totmtg 0 totmtt 0
totxattr 0

