Index Everything:
    Source Directory:
        prefix
        prefix/.hidden
        prefix/1KB
        prefix/1MB
        prefix/directory
        prefix/directory/executable
        prefix/directory/readonly
        prefix/directory/subdirectory
        prefix/directory/subdirectory/directory_symlink
        prefix/directory/subdirectory/repeat_name
        prefix/directory/writable
        prefix/empty_file
        prefix/file_symlink
        prefix/leaf_directory
        prefix/leaf_directory/leaf_file1
        prefix/leaf_directory/leaf_file2
        prefix/old_file
        prefix/repeat_name
        prefix/unusual#? directory ,
        prefix/unusual#? directory ,/unusual, name?#

    Creating GUFI Index prefix with 1 threads
    Total Dirs:          5
    Total Files:         15

    GUFI Index:
        prefix
        prefix/.hidden
        prefix/1KB
        prefix/1MB
        prefix/directory
        prefix/directory/executable
        prefix/directory/readonly
        prefix/directory/subdirectory
        prefix/directory/subdirectory/directory_symlink
        prefix/directory/subdirectory/repeat_name
        prefix/directory/writable
        prefix/empty_file
        prefix/file_symlink
        prefix/leaf_directory
        prefix/leaf_directory/leaf_file1
        prefix/leaf_directory/leaf_file2
        prefix/old_file
        prefix/repeat_name
        prefix/unusual#? directory ,
        prefix/unusual#? directory ,/unusual, name?#

Index up to level 0:
    Source Directory:
        prefix

    Creating GUFI Index prefix with 1 threads
    Total Dirs:          1
    Total Files:         0

    GUFI Index:
        prefix

Index up to level 1:
    Source Directory:
        prefix
        prefix/.hidden
        prefix/1KB
        prefix/1MB
        prefix/directory
        prefix/empty_file
        prefix/file_symlink
        prefix/leaf_directory
        prefix/old_file
        prefix/repeat_name
        prefix/unusual#? directory ,

    Creating GUFI Index prefix with 1 threads
    Total Dirs:          4
    Total Files:         7

    GUFI Index:
        prefix
        prefix/.hidden
        prefix/1KB
        prefix/1MB
        prefix/directory
        prefix/empty_file
        prefix/file_symlink
        prefix/leaf_directory
        prefix/old_file
        prefix/repeat_name
        prefix/unusual#? directory ,

Index up to level 2:
    Source Directory:
        prefix
        prefix/.hidden
        prefix/1KB
        prefix/1MB
        prefix/directory
        prefix/directory/executable
        prefix/directory/readonly
        prefix/directory/subdirectory
        prefix/directory/writable
        prefix/empty_file
        prefix/file_symlink
        prefix/leaf_directory
        prefix/leaf_directory/leaf_file1
        prefix/leaf_directory/leaf_file2
        prefix/old_file
        prefix/repeat_name
        prefix/unusual#? directory ,
        prefix/unusual#? directory ,/unusual, name?#

    Creating GUFI Index prefix with 1 threads
    Total Dirs:          5
    Total Files:         13

    GUFI Index:
        prefix
        prefix/.hidden
        prefix/1KB
        prefix/1MB
        prefix/directory
        prefix/directory/executable
        prefix/directory/readonly
        prefix/directory/subdirectory
        prefix/directory/writable
        prefix/empty_file
        prefix/file_symlink
        prefix/leaf_directory
        prefix/leaf_directory/leaf_file1
        prefix/leaf_directory/leaf_file2
        prefix/old_file
        prefix/repeat_name
        prefix/unusual#? directory ,
        prefix/unusual#? directory ,/unusual, name?#

Index up to level 3:
    Source Directory:
        prefix
        prefix/.hidden
        prefix/1KB
        prefix/1MB
        prefix/directory
        prefix/directory/executable
        prefix/directory/readonly
        prefix/directory/subdirectory
        prefix/directory/subdirectory/directory_symlink
        prefix/directory/subdirectory/repeat_name
        prefix/directory/writable
        prefix/empty_file
        prefix/file_symlink
        prefix/leaf_directory
        prefix/leaf_directory/leaf_file1
        prefix/leaf_directory/leaf_file2
        prefix/old_file
        prefix/repeat_name
        prefix/unusual#? directory ,
        prefix/unusual#? directory ,/unusual, name?#

    Creating GUFI Index prefix with 1 threads
    Total Dirs:          5
    Total Files:         15

    GUFI Index:
        prefix
        prefix/.hidden
        prefix/1KB
        prefix/1MB
        prefix/directory
        prefix/directory/executable
        prefix/directory/readonly
        prefix/directory/subdirectory
        prefix/directory/subdirectory/directory_symlink
        prefix/directory/subdirectory/repeat_name
        prefix/directory/writable
        prefix/empty_file
        prefix/file_symlink
        prefix/leaf_directory
        prefix/leaf_directory/leaf_file1
        prefix/leaf_directory/leaf_file2
        prefix/old_file
        prefix/repeat_name
        prefix/unusual#? directory ,
        prefix/unusual#? directory ,/unusual, name?#


# target is file
$ gufi_dir2index -n 2 "prefix" "prefix/1KB"
"prefix/1KB" Already exists!
Destination path is not a directory "prefix/1KB"

# source path is file
$ gufi_dir2index -n 2 "prefix/1KB" "prefix"
Source path is not a directory "prefix/1KB"
Creating GUFI Index prefix with 2 threads
Total Dirs:          0
Total Files:         0

# empty source path
$ gufi_dir2index -n 2 "" "trace"
Could not resolve path "": No such file or directory (2)
Creating GUFI Index trace with 2 threads
Total Dirs:          0
Total Files:         0

# bad skip file
$ gufi_dir2index -n 2 -k "trace" "prefix" "prefix"
"prefix" Already exists!
Creating GUFI Index prefix with 2 threads
Total Dirs:          5
Total Files:         15

