#####################################
# Run gufi_du without treesummary data

# apparent sizes
$ gufi_du --apparent-size prefix | sort -k 2
Warning: Did not get any results from gufi_query.
Does "prefix" have treesummary data?

$ gufi_du --apparent-size --block-size 1 prefix | sort -k 2
Warning: Did not get any results from gufi_query.
Does "prefix" have treesummary data?

$ gufi_du --apparent-size --block-size 2KB prefix | sort -k 2
Warning: Did not get any results from gufi_query.
Does "prefix" have treesummary data?

$ gufi_du --apparent-size --block-size 4KiB prefix | sort -k 2
Warning: Did not get any results from gufi_query.
Does "prefix" have treesummary data?

$ gufi_du --apparent-size --block-size 1 --total prefix | sort -k 2
Warning: Did not get any results from gufi_query.
Does "prefix" have treesummary data?
0 total

$ gufi_du --apparent-size --block-size 1 --summarize prefix
Warning: Did not get any results from gufi_query.
Does "prefix" have treesummary data?
0 prefix

$ gufi_du --apparent-size --block-size 1 --total --summarize prefix
Warning: Did not get any results from gufi_query.
Does "prefix" have treesummary data?
0 prefix
0 total

$ gufi_du --apparent-size --block-size 1 --total --summarize --human-readable prefix
Warning: Did not get any results from gufi_query.
Does "prefix" have treesummary data?
0 prefix
0 total

# separate dirs
$ gufi_du --separate-dirs --apparent-size --block-size 1 prefix | sort -k 2
1049624 prefix
6 prefix/directory
5 prefix/directory/subdirectory
0 prefix/empty_directory
23 prefix/leaf_directory
15 prefix/unusual#? directory ,

$ gufi_du --separate-dirs --apparent-size --block-size 1 --total prefix | sort -k 2
1049624 prefix
6 prefix/directory
5 prefix/directory/subdirectory
0 prefix/empty_directory
23 prefix/leaf_directory
15 prefix/unusual#? directory ,
1049673 total

$ gufi_du --separate-dirs --apparent-size --block-size 1 --summarize prefix
1049624 prefix

$ gufi_du --separate-dirs --apparent-size --block-size 1 --total --summarize prefix
1049624 prefix
1049624 total

$ gufi_du --separate-dirs --inodes prefix | sort -k 2
6 prefix
3 prefix/directory
2 prefix/directory/subdirectory
0 prefix/empty_directory
2 prefix/leaf_directory
1 prefix/unusual#? directory ,

$ gufi_du --separate-dirs --inodes --human-readable prefix | sort -k 2
6.0 prefix
3.0 prefix/directory
2.0 prefix/directory/subdirectory
0 prefix/empty_directory
2.0 prefix/leaf_directory
1.0 prefix/unusual#? directory ,

# inodes
$ gufi_du --inodes prefix | sort -k 2
Warning: Did not get any results from gufi_query.
Does "prefix" have treesummary data?

$ gufi_du --inodes --total prefix | sort -k 2
Warning: Did not get any results from gufi_query.
Does "prefix" have treesummary data?
0 total

$ gufi_du --inodes --summarize prefix
Warning: Did not get any results from gufi_query.
Does "prefix" have treesummary data?
0 prefix

$ gufi_du --inodes --total --summarize prefix
Warning: Did not get any results from gufi_query.
Does "prefix" have treesummary data?
0 prefix
0 total

$ gufi_du --inodes --total --summarize --human-readable prefix
Warning: Did not get any results from gufi_query.
Does "prefix" have treesummary data?
0 prefix
0 total

#####################################

#####################################
# Generate treesummary in only one directory

$ gufi_treesummary prefix/directory
totals:
totfiles 4 totlinks 1
totsize 11
minsize 1 maxsize 5
totzero 0 totltk 4 totmtk 0 totltm 4 totmtm 0 totmtg 0 totmtt 0
minmtime 1 maxmtime 5
minatime 1 maxatime 5
totxattr 0
mincrtime 0 maxcrtime 0
minossint1 0 maxossint1 0 totossint1 0
minossint2 0 maxossint2 0 totossint2 0
minossint3 0 maxossint3 0 totossint3 0
minossint4 0 maxossint4 0 totossint4 0
totsubdirs 1 maxsubdirfiles 3 maxsubdirlinks 1 maxsubdirsize 6
totextdbs 0

# Run gufi_du on that the single directory that has treesummary data (success)
$ gufi_du --apparent-size --block-size 1 prefix/directory
11 prefix/directory

# Run gufi_du on the parent directory (only prints size of path with treesummary data)
$ gufi_du --apparent-size --block-size 1 prefix
11 prefix/directory

# Summarize the subtree starting at the parent (fails)
$ gufi_du --apparent-size --block-size 1 --summarize prefix
Warning: Did not get any results from gufi_query.
Does "prefix" have treesummary data?
0 prefix

#####################################

#####################################
# Generate treesummary in all directories

$ gufi_treesummary_all search

# apparent sizes
$ gufi_du --apparent-size prefix | sort -k 2
1026 prefix
1 prefix/directory
1 prefix/directory/subdirectory
0 prefix/empty_directory
1 prefix/leaf_directory
1 prefix/unusual#? directory ,

$ gufi_du --apparent-size --block-size 1 prefix | sort -k 2
1049673 prefix
11 prefix/directory
5 prefix/directory/subdirectory
0 prefix/empty_directory
23 prefix/leaf_directory
15 prefix/unusual#? directory ,

$ gufi_du --apparent-size --block-size 2KB prefix | sort -k 2
525 prefix
1 prefix/directory
1 prefix/directory/subdirectory
0 prefix/empty_directory
1 prefix/leaf_directory
1 prefix/unusual#? directory ,

$ gufi_du --apparent-size --block-size 4KiB prefix | sort -k 2
257 prefix
1 prefix/directory
1 prefix/directory/subdirectory
0 prefix/empty_directory
1 prefix/leaf_directory
1 prefix/unusual#? directory ,

$ gufi_du --apparent-size --block-size 1 --total prefix | sort -k 2
1049673 prefix
11 prefix/directory
5 prefix/directory/subdirectory
0 prefix/empty_directory
23 prefix/leaf_directory
15 prefix/unusual#? directory ,
1049673 total

$ gufi_du --apparent-size --block-size 1 --summarize prefix
1049673 prefix

$ gufi_du --apparent-size --block-size 1 --total --summarize prefix
1049673 prefix
1049673 total

$ gufi_du --apparent-size --block-size 1 --total --summarize --human-readable prefix
1.0M prefix
1.0M total

# separate dirs
$ gufi_du --separate-dirs --apparent-size --block-size 1 prefix | sort -k 2
1049624 prefix
6 prefix/directory
5 prefix/directory/subdirectory
0 prefix/empty_directory
23 prefix/leaf_directory
15 prefix/unusual#? directory ,

$ gufi_du --separate-dirs --apparent-size --block-size 1 --total prefix | sort -k 2
1049624 prefix
6 prefix/directory
5 prefix/directory/subdirectory
0 prefix/empty_directory
23 prefix/leaf_directory
15 prefix/unusual#? directory ,
1049673 total

$ gufi_du --separate-dirs --apparent-size --block-size 1 --summarize prefix
1049624 prefix

$ gufi_du --separate-dirs --apparent-size --block-size 1 --total --summarize prefix
1049624 prefix
1049624 total

$ gufi_du --separate-dirs --inodes prefix | sort -k 2
6 prefix
3 prefix/directory
2 prefix/directory/subdirectory
0 prefix/empty_directory
2 prefix/leaf_directory
1 prefix/unusual#? directory ,

$ gufi_du --separate-dirs --inodes --human-readable prefix | sort -k 2
6.0 prefix
3.0 prefix/directory
2.0 prefix/directory/subdirectory
0 prefix/empty_directory
2.0 prefix/leaf_directory
1.0 prefix/unusual#? directory ,

# inodes
$ gufi_du --inodes prefix | sort -k 2
14 prefix
5 prefix/directory
2 prefix/directory/subdirectory
0 prefix/empty_directory
2 prefix/leaf_directory
1 prefix/unusual#? directory ,

$ gufi_du --inodes --total prefix | sort -k 2
14 prefix
5 prefix/directory
2 prefix/directory/subdirectory
0 prefix/empty_directory
2 prefix/leaf_directory
1 prefix/unusual#? directory ,
14 total

$ gufi_du --inodes --summarize prefix
14 prefix

$ gufi_du --inodes --total --summarize prefix
14 prefix
14 total

$ gufi_du --inodes --total --summarize --human-readable prefix
14.0 prefix
14.0 total
#####################################

#####################################
# Run gufi_du from rolled up tree

$ gufi_rollup "search" > /dev/null 2>&1

# apparent sizes
$ gufi_du --apparent-size prefix | sort -k 2
1026 prefix
1 prefix/directory
1 prefix/directory/subdirectory
0 prefix/empty_directory
1 prefix/leaf_directory
1 prefix/unusual#? directory ,

$ gufi_du --apparent-size --block-size 1 prefix | sort -k 2
1049673 prefix
11 prefix/directory
5 prefix/directory/subdirectory
0 prefix/empty_directory
23 prefix/leaf_directory
15 prefix/unusual#? directory ,

$ gufi_du --apparent-size --block-size 2KB prefix | sort -k 2
525 prefix
1 prefix/directory
1 prefix/directory/subdirectory
0 prefix/empty_directory
1 prefix/leaf_directory
1 prefix/unusual#? directory ,

$ gufi_du --apparent-size --block-size 4KiB prefix | sort -k 2
257 prefix
1 prefix/directory
1 prefix/directory/subdirectory
0 prefix/empty_directory
1 prefix/leaf_directory
1 prefix/unusual#? directory ,

$ gufi_du --apparent-size --block-size 1 --total prefix | sort -k 2
1049673 prefix
11 prefix/directory
5 prefix/directory/subdirectory
0 prefix/empty_directory
23 prefix/leaf_directory
15 prefix/unusual#? directory ,
1049673 total

$ gufi_du --apparent-size --block-size 1 --summarize prefix
1049673 prefix

$ gufi_du --apparent-size --block-size 1 --total --summarize prefix
1049673 prefix
1049673 total

$ gufi_du --apparent-size --block-size 1 --total --summarize --human-readable prefix
1.0M prefix
1.0M total

# separate dirs
$ gufi_du --separate-dirs --apparent-size --block-size 1 prefix | sort -k 2
1049624 prefix
6 prefix/directory
5 prefix/directory/subdirectory
0 prefix/empty_directory
23 prefix/leaf_directory
15 prefix/unusual#? directory ,

$ gufi_du --separate-dirs --apparent-size --block-size 1 --total prefix | sort -k 2
1049624 prefix
6 prefix/directory
5 prefix/directory/subdirectory
0 prefix/empty_directory
23 prefix/leaf_directory
15 prefix/unusual#? directory ,
1049673 total

$ gufi_du --separate-dirs --apparent-size --block-size 1 --summarize prefix
1049624 prefix

$ gufi_du --separate-dirs --apparent-size --block-size 1 --total --summarize prefix
1049624 prefix
1049624 total

$ gufi_du --separate-dirs --inodes prefix | sort -k 2
6 prefix
3 prefix/directory
2 prefix/directory/subdirectory
0 prefix/empty_directory
2 prefix/leaf_directory
1 prefix/unusual#? directory ,

$ gufi_du --separate-dirs --inodes --human-readable prefix | sort -k 2
6.0 prefix
3.0 prefix/directory
2.0 prefix/directory/subdirectory
0 prefix/empty_directory
2.0 prefix/leaf_directory
1.0 prefix/unusual#? directory ,

# inodes
$ gufi_du --inodes prefix | sort -k 2
14 prefix
5 prefix/directory
2 prefix/directory/subdirectory
0 prefix/empty_directory
2 prefix/leaf_directory
1 prefix/unusual#? directory ,

$ gufi_du --inodes --total prefix | sort -k 2
14 prefix
5 prefix/directory
2 prefix/directory/subdirectory
0 prefix/empty_directory
2 prefix/leaf_directory
1 prefix/unusual#? directory ,
14 total

$ gufi_du --inodes --summarize prefix
14 prefix

$ gufi_du --inodes --total --summarize prefix
14 prefix
14 total

$ gufi_du --inodes --total --summarize --human-readable prefix
14.0 prefix
14.0 total
#####################################

#####################################
# Compare treesummary and rollup results

#####################################

#####################################
# Run gufi_du on a file path
# apparent sizes
$ gufi_du --apparent-size prefix/1MB prefix/1KB | sort -k 2
1 prefix/1KB
1024 prefix/1MB

$ gufi_du --apparent-size --block-size 1 prefix/1MB prefix/1KB | sort -k 2
1024 prefix/1KB
1048576 prefix/1MB

$ gufi_du --apparent-size --block-size 2KB prefix/1MB prefix/1KB | sort -k 2
1 prefix/1KB
525 prefix/1MB

$ gufi_du --apparent-size --block-size 4KiB prefix/1MB prefix/1KB | sort -k 2
1 prefix/1KB
256 prefix/1MB

$ gufi_du --apparent-size --block-size 1 --total prefix/1MB prefix/1KB | sort -k 2
1024 prefix/1KB
1048576 prefix/1MB
1049600 total

$ gufi_du --apparent-size --block-size 1 --summarize prefix/1MB prefix/1KB
1048576 prefix/1MB
1024 prefix/1KB

$ gufi_du --apparent-size --block-size 1 --total --summarize prefix/1MB prefix/1KB
1048576 prefix/1MB
1024 prefix/1KB
1049600 total

$ gufi_du --apparent-size --block-size 1 --total --summarize --human-readable prefix/1MB prefix/1KB
1.0M prefix/1MB
1.0K prefix/1KB
1.0M total

# separate dirs
$ gufi_du --separate-dirs --apparent-size --block-size 1 prefix/1MB prefix/1KB | sort -k 2
1024 prefix/1KB
1048576 prefix/1MB

$ gufi_du --separate-dirs --apparent-size --block-size 1 --total prefix/1MB prefix/1KB | sort -k 2
1024 prefix/1KB
1048576 prefix/1MB
1049600 total

$ gufi_du --separate-dirs --apparent-size --block-size 1 --summarize prefix/1MB prefix/1KB
1048576 prefix/1MB
1024 prefix/1KB

$ gufi_du --separate-dirs --apparent-size --block-size 1 --total --summarize prefix/1MB prefix/1KB
1048576 prefix/1MB
1024 prefix/1KB
1049600 total

$ gufi_du --separate-dirs --inodes prefix/1MB prefix/1KB | sort -k 2
1 prefix/1KB
1 prefix/1MB

$ gufi_du --separate-dirs --inodes --human-readable prefix/1MB prefix/1KB | sort -k 2
1.0 prefix/1KB
1.0 prefix/1MB

# inodes
$ gufi_du --inodes prefix/1MB prefix/1KB | sort -k 2
1 prefix/1KB
1 prefix/1MB

$ gufi_du --inodes --total prefix/1MB prefix/1KB | sort -k 2
1 prefix/1KB
1 prefix/1MB
2 total

$ gufi_du --inodes --summarize prefix/1MB prefix/1KB
1 prefix/1MB
1 prefix/1KB

$ gufi_du --inodes --total --summarize prefix/1MB prefix/1KB
1 prefix/1MB
1 prefix/1KB
2 total

$ gufi_du --inodes --total --summarize --human-readable prefix/1MB prefix/1KB
1.0 prefix/1MB
1.0 prefix/1KB
2.0 total

#####################################

#####################################
# Warnings/Errors

# Non-existent path is treated as possible file name
$ gufi_du "search"
Warning: Did not get any results from gufi_query.
Does "search" have treesummary data?

# Non-existent path is discovered
$ gufi_du "non/existent/path"
"non/existent/path" is not a path

# Outside of index
$ gufi_du ".."
Warning: Ignoring path "..", which is not under index root "search"

$ gufi_du --inodes --apparent-size "prefix" | sort -k 2
warning: options --apparent-size and -b are ineffective with --inodes
14 prefix
5 prefix/directory
2 prefix/directory/subdirectory
0 prefix/empty_directory
2 prefix/leaf_directory
1 prefix/unusual#? directory ,

$ gufi_du --inodes --block-size 1  "prefix" | sort -k 2
warning: options --apparent-size and -b are ineffective with --inodes
14 prefix
5 prefix/directory
2 prefix/directory/subdirectory
0 prefix/empty_directory
2 prefix/leaf_directory
1 prefix/unusual#? directory ,

# Verbose Output
$ gufi_du --apparent-size --block-size 1 --total --summarize --verbose prefix/1MB prefix/1KB
GUFI query is
   gufi_query \
    --no-print-sql-on-err \
    -d ' ' \
    -n 1 \
    --min-level 0 \
    --max-level 0 \
    -E 'SELECT level(), 1, size, rpath(sname, sroll, name) FROM vrpentries WHERE name == '"'"'1MB'"'"';' \
    prefix
1048576 prefix/1MB
GUFI query is
   gufi_query \
    --no-print-sql-on-err \
    -d ' ' \
    -n 1 \
    --min-level 0 \
    --max-level 0 \
    -E 'SELECT level(), 1, size, rpath(sname, sroll, name) FROM vrpentries WHERE name == '"'"'1KB'"'"';' \
    prefix
1024 prefix/1KB
1049600 total

#####################################
