$ gufi_stats --help
usage: gufi_stats [--help] [--version] [--recursive | --cumulative]
                  [--order order] [--num-results n] [--uid u] [--delim c]
                  [--in-memory-name name] [--aggregate-name name]
                  [--skip-file filename] [--verbose]
                  {depth,filesize,filecount,linkcount,dircount,leaf-dirs,leaf-depth,leaf-files,leaf-links,extensions,total-filesize,total-filecount,total-linkcount,total-dircount,total-leaf-files,total-leaf-links,files-per-level,links-per-level,dirs-per-level,filesize-log2-bins,filesize-log1024-bins,dirfilecount-log2-bins,dirfilecount-log1024-bins,average-leaf-files,average-leaf-links,average-leaf-size,median-leaf-files,median-leaf-links,median-leaf-size,duplicate-names,uid-size,gid-size}
                  [path]
GUFI statistics
positional arguments:
  {depth,filesize,filecount,linkcount,dircount,leaf-dirs,leaf-depth,leaf-files,leaf-links,extensions,total-filesize,total-filecount,total-linkcount,total-dircount,total-leaf-files,total-leaf-links,files-per-level,links-per-level,dirs-per-level,filesize-log2-bins,filesize-log1024-bins,dirfilecount-log2-bins,dirfilecount-log1024-bins,average-leaf-files,average-leaf-links,average-leaf-size,median-leaf-files,median-leaf-links,median-leaf-size,duplicate-names,uid-size,gid-size}
                        statistic to get
  path
options:
  --help                show this help message and exit
  --version, -v         show program's version number and exit
  --recursive, -r       run command recursively (depth, filesize, filecount,
                        linkcount, dircount, leaf-dirs, leaf-depth, leaf-
                        files, leaf-links, extensions, filesize-log2-bins,
                        filesize-log1024-bins, dirfilecount-log2-bins,
                        dirfilecount-log1024-bins)
  --cumulative, -c      return cumulative values (total-filesize, total-
                        filecount, total-linkcount, total-dircount, total-
                        leaf-files, total-leaf-links, files-per-level, links-
                        per-level, dirs-per-level, filesize-log2-bins,
                        filesize-log1024-bins, dirfilecount-log2-bins,
                        dirfilecount-log1024-bins)
  --order order         sort output (if applicable)
  --num-results n       first n results
  --uid u, --user u     restrict to user
  --delim c             delimiter separating output columns
  --in-memory-name name
                        Name of in-memory database when aggregation is
                        performed
  --aggregate-name name
                        Name of final database when aggregation is performed
  --skip-file filename  Name of file containing directory basenames to skip
  --verbose, -V         Show the gufi_query being executed
$ gufi_stats -r -c
usage: gufi_stats [--help] [--version] [--recursive | --cumulative]
                  [--order order] [--num-results n] [--uid u] [--delim c]
                  [--in-memory-name name] [--aggregate-name name]
                  [--skip-file filename] [--verbose]
                  {depth,filesize,filecount,linkcount,dircount,leaf-dirs,leaf-depth,leaf-files,leaf-links,extensions,total-filesize,total-filecount,total-linkcount,total-dircount,total-leaf-files,total-leaf-links,files-per-level,links-per-level,dirs-per-level,filesize-log2-bins,filesize-log1024-bins,dirfilecount-log2-bins,dirfilecount-log1024-bins,average-leaf-files,average-leaf-links,average-leaf-size,median-leaf-files,median-leaf-links,median-leaf-size,duplicate-names,uid-size,gid-size}
                  [path]
gufi_stats: error: argument --cumulative/-c: not allowed with argument --recursive/-r
$ gufi_stats    depth "prefix"
0

$ gufi_stats -r depth "prefix"
prefix 0
directory 1
directory/subdirectory 2
leaf_directory 1
unusual#? directory , 1

$ gufi_stats --verbose depth "prefix"
GUFI query is
   gufi_query \
    -n 1 \
    -B 4096 \
    -d ' ' \
    -I 'CREATE TABLE out(name TEXT)' \
    -S 'INSERT INTO out SELECT rpath(sname, sroll) FROM vrsummary ' \
    -J 'INSERT INTO aggregate SELECT * FROM out ' \
    -K 'CREATE TABLE aggregate(name TEXT)' \
    -G 'SELECT CASE length(name) WHEN 0 THEN 0 ELSE length(name) - length(replace(name, '"'"'/'"'"', '"'"''"'"')) END FROM aggregate ORDER BY name ASC' \
    -y 0 \
    -z 0 \
    prefix
0

$ gufi_stats    filesize "prefix"
1049622

$ gufi_stats -r filesize "prefix"
prefix 1049622
directory 6
directory/subdirectory 5
leaf_directory 21
unusual#? directory , 14

$ gufi_stats    filecount "prefix"
5

$ gufi_stats -r filecount "prefix"
prefix 5
directory 3
directory/subdirectory 1
leaf_directory 2
unusual#? directory , 1

$ gufi_stats    linkcount "prefix"
1

$ gufi_stats -r linkcount "prefix"
prefix 1
directory 0
directory/subdirectory 1
leaf_directory 0
unusual#? directory , 0

$ gufi_stats    extensions "prefix"
1KB 1
1MB 1
file_symlink 1
hidden 1
old_file 1
repeat_name 1

$ gufi_stats -r extensions "prefix"
1KB 1
1MB 1
directory_symlink 1
executable 1
file_symlink 1
hidden 1
leaf_file1 1
leaf_file2 1
old_file 1
readonly 1
repeat_name 2
unusual, name?# 1
writable 1

$ gufi_stats    total-filesize "prefix"
1001 1049668

$ gufi_stats -c total-filesize "prefix"
1049668

$ gufi_stats    total-filecount "prefix"
1001 12

$ gufi_stats -c total-filecount "prefix"
12

$ gufi_stats    total-linkcount "prefix"
1001 2

$ gufi_stats -c total-linkcount "prefix"
2

$ gufi_stats    dircount "prefix"
3

$ gufi_stats -r dircount "prefix"
prefix 3
directory 1
directory/subdirectory 0
leaf_directory 0
unusual#? directory , 0

$ gufi_stats    total-dircount "prefix"
1001 4

$ gufi_stats -c total-dircount "prefix"
5

$ gufi_stats    files-per-level "prefix"
1001 0 5
1001 1 6
1001 2 1

$ gufi_stats -c files-per-level "prefix"
0 5
1 6
2 1

$ gufi_stats    links-per-level "prefix"
1001 0 1
1001 2 1

$ gufi_stats -c links-per-level "prefix"
0 1
2 1

$ gufi_stats    dirs-per-level "prefix"
1001 0 1
1001 1 3
1001 2 1

$ gufi_stats -c dirs-per-level "prefix"
0 1
1 3
2 1

$ gufi_stats    duplicate-names "prefix"

$ gufi_stats --order ASC uid-size "prefix"
1001 0 old_file
1001 1 directory/executable
1001 2 directory/readonly
1001 3 directory/writable
1001 5 directory/subdirectory/repeat_name
1001 9 .hidden
1001 10 leaf_directory/leaf_file1
1001 11 leaf_directory/leaf_file2
1001 13 repeat_name
1001 14 unusual#? directory ,/unusual, name?#
1001 1024 1KB
1001 1048576 1MB

$ gufi_stats --num-results 6 --order ASC uid-size "prefix"
1001 0 old_file
1001 1 directory/executable
1001 2 directory/readonly
1001 3 directory/writable
1001 5 directory/subdirectory/repeat_name
1001 9 .hidden

$ gufi_stats --order DESC uid-size "prefix"
1001 1048576 1MB
1001 1024 1KB
1001 14 unusual#? directory ,/unusual, name?#
1001 13 repeat_name
1001 11 leaf_directory/leaf_file2
1001 10 leaf_directory/leaf_file1
1001 9 .hidden
1001 5 directory/subdirectory/repeat_name
1001 3 directory/writable
1001 2 directory/readonly
1001 1 directory/executable
1001 0 old_file

$ gufi_stats --num-results 6 --order DESC uid-size "prefix"
1001 1048576 1MB
1001 1024 1KB
1001 14 unusual#? directory ,/unusual, name?#
1001 13 repeat_name
1001 11 leaf_directory/leaf_file2
1001 10 leaf_directory/leaf_file1

$ gufi_stats --order ASC gid-size "prefix"
1001 0 old_file
1001 1 directory/executable
1001 2 directory/readonly
1001 3 directory/writable
1001 5 directory/subdirectory/repeat_name
1001 9 .hidden
1001 10 leaf_directory/leaf_file1
1001 11 leaf_directory/leaf_file2
1001 13 repeat_name
1001 14 unusual#? directory ,/unusual, name?#
1001 1024 1KB
1001 1048576 1MB

$ gufi_stats --num-results 6 --order ASC gid-size "prefix"
1001 0 old_file
1001 1 directory/executable
1001 2 directory/readonly
1001 3 directory/writable
1001 5 directory/subdirectory/repeat_name
1001 9 .hidden

$ gufi_stats --order DESC gid-size "prefix"
1001 1048576 1MB
1001 1024 1KB
1001 14 unusual#? directory ,/unusual, name?#
1001 13 repeat_name
1001 11 leaf_directory/leaf_file2
1001 10 leaf_directory/leaf_file1
1001 9 .hidden
1001 5 directory/subdirectory/repeat_name
1001 3 directory/writable
1001 2 directory/readonly
1001 1 directory/executable
1001 0 old_file

$ gufi_stats --num-results 6 --order DESC gid-size "prefix"
1001 1048576 1MB
1001 1024 1KB
1001 14 unusual#? directory ,/unusual, name?#
1001 13 repeat_name
1001 11 leaf_directory/leaf_file2
1001 10 leaf_directory/leaf_file1

$ gufi_stats    filesize-log2-bins "prefix"
[0,1) 1
[8,16) 2
[1024,2048) 1
[1048576,2097152) 1

$ gufi_stats -r filesize-log2-bins "prefix"
6 [4,8) 1
7 [1,2) 1
7 [2,4) 2
12 [8,16) 2
15 [8,16) 1
16 [0,1) 1
16 [8,16) 2
16 [1024,2048) 1
16 [1048576,2097152) 1

$ gufi_stats -c filesize-log2-bins "prefix"
[0,1) 1
[1,2) 1
[2,4) 2
[4,8) 1
[8,16) 5
[1024,2048) 1
[1048576,2097152) 1

$ gufi_stats    filesize-log1024-bins "prefix"
[0,1) 1
[1,1024) 2
[1024,1048576) 1
[1048576,1073741824) 1

$ gufi_stats -r filesize-log1024-bins "prefix"
6 [1,1024) 1
7 [1,1024) 3
12 [1,1024) 2
15 [1,1024) 1
16 [0,1) 1
16 [1,1024) 2
16 [1024,1048576) 1
16 [1048576,1073741824) 1

$ gufi_stats -c filesize-log1024-bins "prefix"
[0,1) 1
[1,1024) 9
[1024,1048576) 1
[1048576,1073741824) 1

$ gufi_stats    dirfilecount-log2-bins "prefix"
[4,8) 1

$ gufi_stats -r dirfilecount-log2-bins "prefix"
16 [1,2) 2
16 [2,4) 2
16 [4,8) 1

$ gufi_stats -c dirfilecount-log2-bins "prefix"
[1,2) 2
[2,4) 2
[4,8) 1

$ gufi_stats    dirfilecount-log1024-bins "prefix"
[1,1024) 1

$ gufi_stats -r dirfilecount-log1024-bins "prefix"
16 [1,1024) 5

$ gufi_stats -c dirfilecount-log1024-bins "prefix"
[1,1024) 5

$ gufi_stats -c depth "prefix"
--cumulative/-c has no effect on "depth" statistic
0

$ gufi_stats -r total-filesize "prefix"
--recursive/-r has no effect on "total-filesize" statistic
1001 1049668

$ gufi_stats -c duplicate-names "prefix"
--recursive/-r and --cumulative/-c have no effect on "duplicate-names" statistic

$ gufi_stats -r duplicate-names "prefix"
--recursive/-r and --cumulative/-c have no effect on "duplicate-names" statistic

$ gufi_stats --skip "skip" -r depth "prefix"
prefix 0
leaf_directory 1
unusual#? directory , 1

$ gufi_stats --skip "skip.bad" -r depth "prefix"
Error: Cannot open skip file "skip.bad"
Error: Bad input skip list

$ gufi_stats    leaf-dirs "prefix"
leaf_directory
unusual#? directory ,

$ gufi_stats -r leaf-dirs "prefix"
directory/subdirectory
leaf_directory
unusual#? directory ,

$ gufi_stats    leaf-depth "prefix"
leaf_directory 1
unusual#? directory , 1

$ gufi_stats -r leaf-depth "prefix"
directory/subdirectory 2
leaf_directory 1
unusual#? directory , 1

$ gufi_stats    leaf-files "prefix"
leaf_directory 2
unusual#? directory , 1

$ gufi_stats -r leaf-files "prefix"
directory/subdirectory 1
leaf_directory 2
unusual#? directory , 1

$ gufi_stats    total-leaf-files "prefix"
1001 4

$ gufi_stats -c total-leaf-files "prefix"
4

$ gufi_stats    average-leaf-files "prefix"
1.33333333333333

$ gufi_stats    average-leaf-links "prefix"
0.333333333333333

$ gufi_stats    average-leaf-size "prefix"
13.3333333333333

$ gufi_stats    median-leaf-files "prefix"
1.0

$ gufi_stats    median-leaf-links "prefix"
0.0

$ gufi_stats    median-leaf-size "prefix"
14.0

