# gufi_query help
$ gufi_query
usage: gufi_query [options] GUFI_index ...
options:
  -h                     help
  -H                     show assigned input values (debugging)
  -T <SQL_tsum>          SQL for tree-summary table
  -S <SQL_sum>           SQL for summary table
  -E <SQL_ent>           SQL for entries table
  -a                     AND/OR (SQL query combination)
  -n <threads>           number of threads
  -j                     print the information in terse form
  -o <out_fname>         output file (one-per-thread, with thread-id suffix)
  -d <delim>             delimiter (one char)  [use 'x' for 0x1E]
  -O <out_DB>            output DB
  -I <SQL_init>          SQL init
  -F <SQL_fin>           SQL cleanup
  -y <min level>         minimum level to go down
  -z <max level>         maximum level to go down
  -J <SQL_interm>        SQL for intermediate results
  -K <create aggregate>  SQL to create the final aggregation table
  -G <SQL_aggregate>     SQL for aggregated results
  -m                     Keep mtime and atime same on the database files
  -B <buffer size>       size of each thread's output buffer in bytes
  -w                     open the database files in read-write mode instead of read only mode
  -x                     enable external database processing
  -k <filename>          file containing directory names to skip
  -M <bytes>             target memory footprint


GUFI_index        find GUFI index here


# Get only directories
$ gufi_query -d " " -S "SELECT name FROM vrsummary;" "prefix"
directory
leaf_directory
prefix
subdirectory
unusual#? directory ,

# Get only non-directories
$ gufi_query -d " " -E "SELECT name FROM vrpentries;" "prefix"
.hidden
1KB
1MB
directory_symlink
empty_file
executable
file_symlink
leaf_file1
leaf_file2
old_file
readonly
repeat_name
repeat_name
unusual, name?#
writable

# Get all directory and non-directory names
$ gufi_query -d " " -S "SELECT name FROM vrsummary;" -E "SELECT name FROM vrpentries;" "prefix"
.hidden
1KB
1MB
directory
directory_symlink
empty_file
executable
file_symlink
leaf_directory
leaf_file1
leaf_file2
old_file
prefix
readonly
repeat_name
repeat_name
subdirectory
unusual#? directory ,
unusual, name?#
writable

# Get relative paths of all directories and non-directories ascending names
$ gufi_query -d " " -a -I "CREATE TABLE out(path TEXT);" -K "CREATE TABLE aggregate(path TEXT);" -S "INSERT INTO out SELECT rpath(sname, sroll) FROM vrsummary;" -E "INSERT INTO out SELECT rpath(sname, sroll) || '/' || name FROM vrpentries;" -J "INSERT INTO aggregate SELECT path FROM out;" -G "SELECT path FROM aggregate ORDER BY path ASC;" "prefix"
prefix
.hidden
1KB
1MB
directory
directory/executable
directory/readonly
directory/subdirectory
directory/subdirectory/directory_symlink
directory/subdirectory/repeat_name
directory/writable
empty_file
file_symlink
leaf_directory
leaf_directory/leaf_file1
leaf_directory/leaf_file2
old_file
repeat_name
unusual#? directory ,
unusual#? directory ,/unusual, name?#

# Get relative paths of all directories and non-directories descending names
$ gufi_query -d " " -a -I "CREATE TABLE out(path TEXT);" -K "CREATE TABLE aggregate(path TEXT);" -S "INSERT INTO out SELECT rpath(sname, sroll) FROM vrsummary;" -E "INSERT INTO out SELECT rpath(sname, sroll) || '/' || name FROM vrpentries;" -J "INSERT INTO aggregate SELECT path FROM out;" -G "SELECT path FROM aggregate ORDER BY path DESC;" "prefix"
unusual#? directory ,/unusual, name?#
unusual#? directory ,
repeat_name
old_file
leaf_directory/leaf_file2
leaf_directory/leaf_file1
leaf_directory
file_symlink
empty_file
directory/writable
directory/subdirectory/repeat_name
directory/subdirectory/directory_symlink
directory/subdirectory
directory/readonly
directory/executable
directory
1MB
1KB
.hidden
prefix

# Get relative paths of all directories and non-directories ascending sizes (files only)
$ gufi_query -d " " -a -I "CREATE TABLE out(path TEXT, size INT64);" -K "CREATE TABLE aggregate(path TEXT, size INT64);" -E "INSERT INTO out SELECT rpath(sname, sroll) || '/' || name, size FROM vrpentries WHERE (type == 'f');" -J "INSERT INTO aggregate SELECT path, size FROM out;" -G "SELECT path FROM aggregate ORDER BY size ASC, path ASC;" "prefix"
empty_file
directory/executable
directory/readonly
directory/writable
directory/subdirectory/repeat_name
repeat_name
.hidden
leaf_directory/leaf_file1
leaf_directory/leaf_file2
old_file
unusual#? directory ,/unusual, name?#
1KB
1MB

# Get relative paths of all directories and non-directories descending sizes (files only)
$ gufi_query -d " " -a -I "CREATE TABLE out(path TEXT, size INT64);" -K "CREATE TABLE aggregate(path TEXT, size INT64);" -E "INSERT INTO out SELECT rpath(sname, sroll) || '/' || name, size FROM vrpentries WHERE (type == 'f');" -J "INSERT INTO aggregate SELECT path, size FROM out;" -G "SELECT path FROM aggregate ORDER BY size DESC, path ASC;" "prefix"
1MB
1KB
unusual#? directory ,/unusual, name?#
old_file
leaf_directory/leaf_file2
leaf_directory/leaf_file1
.hidden
directory/subdirectory/repeat_name
repeat_name
directory/writable
directory/readonly
directory/executable
empty_file

#####################################
# Invalid Inputs                    #
#####################################
# Missing -I (outdb)
$ gufi_query -O outdb "prefix"
Error: Missing -I

# Missing -I (aggregating, stdout)
$ gufi_query                                                  -K "create;"              "prefix"
Error: Missing -I

# Missing -I (aggregating, outfile)
$ gufi_query -o outfile                                       -K "create;"              "prefix"
Error: Missing -I

# Missing -I (aggregating, outdb)
$ gufi_query -O outdb                                         -K "create;"              "prefix"
Error: Missing -I

# Missing -J (aggregate, stdout)
$ gufi_query            -I "create" -S "insert;" -E "insert;" -K "create;" -G "query;"  "prefix"
Error: Missing -J

# Missing -J (aggregate, outfile)
$ gufi_query -o outfile -I "create" -S "insert;" -E "insert;" -K "create;" -G "query;"  "prefix"
Error: Missing -J

# Missing -J (aggregate, outdb)
$ gufi_query -O outdb   -I "create" -S "insert;" -E "insert;" -K "create;"              "prefix"
Error: Missing -J

# Missing -G (aggregate, stdout)
$ gufi_query            -I "create" -S "insert;" -E "insert;" -K "create;" -J "insert;" "prefix"
Error: Missing -G

# Missing -G (aggregate, outfile)
$ gufi_query -o outfile -I "create" -S "insert;" -E "insert;" -K "create;" -J "insert;" "prefix"
Error: Missing -G

#####################################
# Extra Inputs                      #
#####################################
# Have -J even though not aggregating (stdout)
$ gufi_query            -I "create" -S "insert;" -E "insert;"              -J "insert;" "prefix"
Warning: Got -J even though not aggregating. Ignoring
Error: Could not run SQL Init "create" on file:memory0?mode=memory&cache=shared

# Have -J even though not aggregating (outfile)
$ gufi_query -o outfile -I "create" -S "insert;" -E "insert;"              -J "insert;" "prefix"
Warning: Got -J even though not aggregating. Ignoring
Error: Could not run SQL Init "create" on file:memory0?mode=memory&cache=shared

# Have -J even though not aggregating (outdb)
$ gufi_query -O outdb   -I "create" -S "insert;" -E "insert;"              -J "insert;" "prefix"
Warning: Got -J even though not aggregating. Ignoring
Error: Could not run SQL Init "create" on outdb.0: incomplete input

# Have -G even though not aggregating (stdout)
$ gufi_query            -I "create" -S "insert;" -E "insert;"              -G "query;"  "prefix"
Warning: Got -G even though not aggregating. Ignoring
Error: Could not run SQL Init "create" on file:memory0?mode=memory&cache=shared

# Have -G even though not aggregating (outfile)
$ gufi_query -o outfile -I "create" -S "insert;" -E "insert;"              -G "query;"  "prefix"
Warning: Got -G even though not aggregating. Ignoring
Error: Could not run SQL Init "create" on file:memory0?mode=memory&cache=shared

# Have -G even though not aggregating (outdb)
$ gufi_query -O outdb   -I "create" -S "insert;" -E "insert;"              -G "query;"  "prefix"
Warning: Got -G even though not aggregating. Ignoring
Error: Could not run SQL Init "create" on outdb.0: incomplete input

