# gufi_query help
$ gufi_query
usage: gufi_query [options] GUFI_index ...
options:
  -h                     help
  -H                     show assigned input values (debugging)
  -v                     version
  -T <SQL_tsum>          SQL for tree-summary table
  -S <SQL_sum>           SQL for summary table
  -E <SQL_ent>           SQL for entries table
  -a <0|1|2>             0 - if returned row, run next SQL, else stop (continue descent) (default)
                         1 - skip T, run S and E whether or not a row was returned (old -a)
                         2 - run T, S, and E whether or not a row was returned
  -n <threads>           number of threads
  -j                     print the information in terse form
  -o <out_fname>         output file (one-per-thread, with thread-id suffix)
  -d <delim>             delimiter (one char)  [use 'x' for 0x1E]
  -O <out_DB>            output DB
  -u                     prefix row with 1 int column count and each column with 1 octet type and 1 size_t length
  -I <SQL_init>          SQL init
  -F <SQL_fin>           SQL cleanup
  -y <min level>         minimum level to go down
  -z <max level>         maximum level to go down
  -J <SQL_interm>        SQL for intermediate results
  -K <create aggregate>  SQL to create the final aggregation table
  -G <SQL_aggregate>     SQL for aggregated results
  -m                     Keep mtime and atime same on the database files
  -B <buffer size>       size of each thread's output buffer in bytes
  -w                     open the database files in read-write mode instead of read only mode
  -x                     index/query xattrs
  -k <filename>          file containing directory names to skip
  -M <bytes>             target memory footprint
  -s <path>              File name prefix for swap files
  -p <path>              Source path prefix for %s in SQL
  -e                     compress work items
  -Q <basename>
     <table>
     <template>.<table>
     <view>              External database file basename, per-attach table name, template + table name, and the resultant view
  -D <filename>          File containing paths at single level to index (not including starting path). Must also use -y

GUFI_index        find GUFI index here


# Walk without returning results
$ gufi_query "prefix"

# Get only directories
$ gufi_query -d " " -n 2 -S "SELECT name FROM vrsummary;" "prefix"
directory
empty_directory
leaf_directory
prefix
subdirectory
unusual#? directory ,

# Get only non-directories
$ gufi_query -d " " -n 2 -E "SELECT name FROM vrpentries;" "prefix"
.hidden
1KB
1MB
directory_symlink
executable
file_symlink
leaf_file1
leaf_file2
old_file
readonly
repeat_name
repeat_name
unusual, name?#
writable

# Get all directory and non-directory names
$ gufi_query -d " " -n 2 -S "SELECT name FROM vrsummary;" -E "SELECT name FROM vrpentries;" "prefix"
.hidden
1KB
1MB
directory
directory_symlink
empty_directory
executable
file_symlink
leaf_directory
leaf_file1
leaf_file2
old_file
prefix
readonly
repeat_name
repeat_name
subdirectory
unusual#? directory ,
unusual, name?#
writable

# Get only non-directory names despite -S not returning anything
$ gufi_query -d " " -n 2 -a 2 -S "SELECT name FROM vrsummary WHERE name == '';" -E "SELECT name FROM vrpentries;" "prefix"
.hidden
1KB
1MB
directory_symlink
executable
file_symlink
leaf_file1
leaf_file2
old_file
readonly
repeat_name
repeat_name
unusual, name?#
writable

# Get number of subdirectories
$ gufi_query -d " " -n 2 -S "SELECT rpath(sname, sroll), subdirs(srollsubdirs, sroll) FROM vrsummary;" "prefix"
prefix 4
prefix/directory 1
prefix/directory/subdirectory 0
prefix/empty_directory 0
prefix/leaf_directory 0
prefix/unusual#? directory , 0

# Get relative paths of all directories and non-directories ascending names
$ gufi_query -d " " -n 2 -a 1 -I "CREATE TABLE out(path TEXT);" -K "CREATE TABLE aggregate(path TEXT);" -S "INSERT INTO out SELECT rpath(sname, sroll) FROM vrsummary;" -E "INSERT INTO out SELECT rpath(sname, sroll) || '/' || name FROM vrpentries;" -J "INSERT INTO aggregate SELECT path FROM out;" -G "SELECT path FROM aggregate ORDER BY path ASC;" "prefix"
prefix
prefix/.hidden
prefix/1KB
prefix/1MB
prefix/directory
prefix/directory/executable
prefix/directory/readonly
prefix/directory/subdirectory
prefix/directory/subdirectory/directory_symlink
prefix/directory/subdirectory/repeat_name
prefix/directory/writable
prefix/empty_directory
prefix/file_symlink
prefix/leaf_directory
prefix/leaf_directory/leaf_file1
prefix/leaf_directory/leaf_file2
prefix/old_file
prefix/repeat_name
prefix/unusual#? directory ,
prefix/unusual#? directory ,/unusual, name?#

# Get relative paths of all directories and non-directories descending names
$ gufi_query -d " " -n 2 -a 1 -I "CREATE TABLE out(path TEXT);" -K "CREATE TABLE aggregate(path TEXT);" -S "INSERT INTO out SELECT rpath(sname, sroll) FROM vrsummary;" -E "INSERT INTO out SELECT rpath(sname, sroll) || '/' || name FROM vrpentries;" -J "INSERT INTO aggregate SELECT path FROM out;" -G "SELECT path FROM aggregate ORDER BY path DESC;" "prefix"
prefix/unusual#? directory ,/unusual, name?#
prefix/unusual#? directory ,
prefix/repeat_name
prefix/old_file
prefix/leaf_directory/leaf_file2
prefix/leaf_directory/leaf_file1
prefix/leaf_directory
prefix/file_symlink
prefix/empty_directory
prefix/directory/writable
prefix/directory/subdirectory/repeat_name
prefix/directory/subdirectory/directory_symlink
prefix/directory/subdirectory
prefix/directory/readonly
prefix/directory/executable
prefix/directory
prefix/1MB
prefix/1KB
prefix/.hidden
prefix

# Get relative paths of all directories and non-directories ascending sizes (files only)
$ gufi_query -d " " -n 2 -a 1 -I "CREATE TABLE out(path TEXT, size INT64);" -K "CREATE TABLE aggregate(path TEXT, size INT64);" -E "INSERT INTO out SELECT rpath(sname, sroll) || '/' || name, size FROM vrpentries WHERE (type == 'f');" -J "INSERT INTO aggregate SELECT path, size FROM out;" -G "SELECT path FROM aggregate ORDER BY size ASC, path ASC;" "prefix"
prefix/old_file
prefix/directory/executable
prefix/directory/readonly
prefix/directory/writable
prefix/directory/subdirectory/repeat_name
prefix/.hidden
prefix/leaf_directory/leaf_file1
prefix/leaf_directory/leaf_file2
prefix/repeat_name
prefix/unusual#? directory ,/unusual, name?#
prefix/1KB
prefix/1MB

# Get relative paths of all directories and non-directories descending sizes (files only)
$ gufi_query -d " " -n 2 -a 1 -I "CREATE TABLE out(path TEXT, size INT64);" -K "CREATE TABLE aggregate(path TEXT, size INT64);" -E "INSERT INTO out SELECT rpath(sname, sroll) || '/' || name, size FROM vrpentries WHERE (type == 'f');" -J "INSERT INTO aggregate SELECT path, size FROM out;" -G "SELECT path FROM aggregate ORDER BY size DESC, path ASC;" "prefix"
prefix/1MB
prefix/1KB
prefix/unusual#? directory ,/unusual, name?#
prefix/repeat_name
prefix/leaf_directory/leaf_file2
prefix/leaf_directory/leaf_file1
prefix/.hidden
prefix/directory/subdirectory/repeat_name
prefix/directory/writable
prefix/directory/readonly
prefix/directory/executable
prefix/old_file

# Get all directory and non-directory names not in directory
$ gufi_query -d " " -n 2 -S "SELECT rpath(sname, sroll) FROM vrsummary;" -E "SELECT rpath(sname, sroll) || '/' || name FROM vrpentries;" -k "skip" "prefix"
prefix
prefix/.hidden
prefix/1KB
prefix/1MB
prefix/empty_directory
prefix/file_symlink
prefix/leaf_directory
prefix/leaf_directory/leaf_file1
prefix/leaf_directory/leaf_file2
prefix/old_file
prefix/repeat_name
prefix/unusual#? directory ,
prefix/unusual#? directory ,/unusual, name?#

# Get all directory and non-directory names and their xattrs
$ gufi_query -d " " -n 2 -S "SELECT rpath(sname, sroll), xattr_name, xattr_value FROM vrxsummary;" -E "SELECT rpath(sname, sroll) || '/' || name, xattr_name, xattr_value FROM vrxpentries;" -x "prefix"
prefix
prefix/.hidden
prefix/1KB
prefix/1MB user.size 1MB
prefix/directory
prefix/directory/executable
prefix/directory/readonly
prefix/directory/subdirectory user.name sub
prefix/directory/subdirectory user.type dir
prefix/directory/subdirectory/directory_symlink
prefix/directory/subdirectory/repeat_name
prefix/directory/writable
prefix/empty_directory
prefix/file_symlink
prefix/leaf_directory user.name leaf
prefix/leaf_directory user.type dir
prefix/leaf_directory/leaf_file1 user.name1 value1
prefix/leaf_directory/leaf_file1 user.name2 value2
prefix/leaf_directory/leaf_file1 user.name3 value3
prefix/leaf_directory/leaf_file2 user.name4 value4
prefix/leaf_directory/leaf_file2 user.name5 value5
prefix/leaf_directory/leaf_file2 user.name6 value6
prefix/old_file
prefix/repeat_name
prefix/unusual#? directory ,
prefix/unusual#? directory ,/unusual, name?#

# limit tree traversal to directories at level 1 (missing prefix/ and prefix/directory/subdirectory/)
$ gufi_query -d " " -n 2 -y 1 -z 1 -S "SELECT rpath(sname, sroll) FROM vrsummary;" -E "SELECT rpath(sname, sroll) || '/' || name FROM vrpentries;" "prefix"
prefix/directory
prefix/directory/executable
prefix/directory/readonly
prefix/directory/writable
prefix/empty_directory
prefix/leaf_directory
prefix/leaf_directory/leaf_file1
prefix/leaf_directory/leaf_file2
prefix/unusual#? directory ,
prefix/unusual#? directory ,/unusual, name?#

# ######################################
# partial indexing setup
$ find "prefix" -mindepth 1 -maxdepth 1 -type d | sed "s/prefix\///g;" | sort > distributed

$ head -n 2 "distributed" > "distributed.0"

$ tail -n +3 "distributed" > "distributed.1"

# ######################################

$ cat "distributed.0"
directory
empty_directory

# limit tree traversal to some directories under at level 1 (only prefix/directory and prefix/empty_directory)
$ gufi_query -d " " -n 2 -y 1 -D "distributed.0" -S "SELECT rpath(sname, sroll) FROM vrsummary;" -E "SELECT rpath(sname, sroll) || '/' || name FROM vrpentries;" "prefix"
prefix/directory
prefix/directory/executable
prefix/directory/readonly
prefix/directory/subdirectory
prefix/directory/subdirectory/directory_symlink
prefix/directory/subdirectory/repeat_name
prefix/directory/writable
prefix/empty_directory

# Output TLV columns (no aggregation)
$ gufi_query -u -n 2 -E "SELECT name, size FROM vrpentries WHERE name == '.hidden';" "prefix" | hexlify.py
00000000 2700 0000 0000 0000 0200 0000 0307 0000
00000001 0000 0000 002e 6869 6464 656e 0102 0000
00000002 0000 0000 0031 30
00000027

# Output TLV columns (with aggregation)
$ gufi_query -u -d " " -n 2 -a 1 -I "CREATE TABLE out(path TEXT, size INT64);" -K "CREATE TABLE aggregate(path TEXT, size INT64);" -S "INSERT INTO out SELECT rpath(sname, sroll), size FROM vrsummary;" -E "INSERT INTO out SELECT rpath(sname, sroll) || '/' || name, size FROM vrpentries;" -J "INSERT INTO aggregate SELECT path, size FROM out;" -G "SELECT path, size FROM aggregate ORDER BY path ASC LIMIT 1;" "prefix" | hexlify.py
00000000 2d00 0000 0000 0000 0200 0000 030d 0000
00000001 0000 0000 0073 6561 7263 682f 7072 6566
00000002 6978 0102 0000 0000 0000 0031 37
0000002d

# run_vt with {s} (source directory) and {i} (index directory)
$ gufi_query -d " " -p "prefix" -S "CREATE VIRTUAL TABLE temp.csv USING run_vt(cmd='find \"{s}\" \"{i}\" -maxdepth 1 -name \"*.csv\" -exec cat \"{}\" \\;', cols='col0, col1, col2, col3', d=','); SELECT * FROM temp.csv; DROP TABLE temp.csv;" "prefix"
0 1 2 3
4 5 6 7
8 9 a b
c d e f
0 1 2 3
4 5 6 7
0 1 2 3
4 5 6 7
0 1 2 3
4 5 6 7
0 1 2 3
4 5 6 7
0 1 2 3
4 5 6 7

$ gufi_query -d " " -I "SELECT setstr('-I', 'init');" -S "SELECT setstr('abc', (SELECT totsize FROM summary)); SELECT setstr('def', (SELECT totfiles FROM summary));" -E "SELECT level(), '{-I}', {abc}, {def};" "prefix"
0 init 1049624 5
1 init 0 0
1 init 15 1
1 init 23 2
1 init 6 3
2 init 5 1
$ gufi_query -d " " -E "SELECT thread_id();" "prefix"
0
0
0
0
0
0

#####################################
# Invalid Inputs                    #
#####################################
# Bad directory
$ gufi_query "prefix/baddirectory"
Could not get realpath of "prefix/baddirectory": No such file or directory (2)

# Path is a file
$ gufi_query "prefix/db.db"
input-dir 'prefix/db.db' is not a directory

# Missing -I (outdb)
$ gufi_query -O outdb "prefix"
Error: Missing -I

# Missing -I (aggregating, stdout)
$ gufi_query                                                  -K "create;"              "prefix"
Error: Missing -I

# Missing -I (aggregating, outfile)
$ gufi_query -o outfile                                       -K "create;"              "prefix"
Error: Missing -I

# Missing -I (aggregating, outdb)
$ gufi_query -O outdb                                         -K "create;"              "prefix"
Error: Missing -I

# Missing -I (external databases)
$ gufi_query -Q "external" "user" "data" "base"                                   "prefix"
External databases require template files attached with -I

# Missing -J (aggregate, stdout)
$ gufi_query            -I "create" -S "insert;" -E "insert;" -K "create;" -G "query;"  "prefix"
Error: Missing -J

# Missing -J (aggregate, outfile)
$ gufi_query -o outfile -I "create" -S "insert;" -E "insert;" -K "create;" -G "query;"  "prefix"
Error: Missing -J

# Missing -J (aggregate, outdb)
$ gufi_query -O outdb   -I "create" -S "insert;" -E "insert;" -K "create;"              "prefix"
Error: Missing -J

# Missing -G (aggregate, stdout)
$ gufi_query            -I "create" -S "insert;" -E "insert;" -K "create;" -J "insert;" "prefix"
Error: Missing -G

# Missing -G (aggregate, outfile)
$ gufi_query -o outfile -I "create" -S "insert;" -E "insert;" -K "create;" -J "insert;" "prefix"
Error: Missing -G

# Bad -K (aggregate, stdout)
$ gufi_query            -I "CREATE TABLE test(col TEXT)" -S "insert;" -E "insert;" -K "create;" -J "insert;" -G "query;" "prefix"
Could not create aggregation table "create;" on file:aggregatedb?mode=memory&cache=shared

# Bad skip file
$ gufi_query -d " " -S "SELECT rpath(sname, sroll) FROM vrsummary;" -E "SELECT rpath(sname, sroll) || '/' || name FROM vrpentries;" -k "skip.bad" "prefix"
Error: Cannot open skip file "skip.bad"

# Bad path
$ gufi_query -d " " -S "SELECT rpath(sname, sroll) FROM vrsummary;" -E "SELECT rpath(sname, sroll) || '/' || name FROM vrpentries;" ""

# Bad thread count
$ gufi_query -n 18446744073709551615 "prefix"
Error: Could not allocate 18446744073709551615 thread structures

# Bad user data key
$ gufi_query -d " " -z 0 -E "SELECT {abc}, {def;" "prefix"
Error: Failed to do string replacements for -E
Error: replacement key not found: abc
Warning: Could not find stop character for user string key starting at index 14 of "SELECT {abc}, {def;"
#####################################
# Extra Inputs                      #
#####################################
# Have -J even though not aggregating (stdout)
$ gufi_query            -I "create" -S "insert;" -E "insert;"              -J "insert;" "prefix"
Warning: Got -J even though not aggregating. Ignoring
Error: Could not run SQL Init "create" on file:memory0?mode=memory&cache=shared

# Have -J even though not aggregating (outfile)
$ gufi_query -o outfile -I "create" -S "insert;" -E "insert;"              -J "insert;" "prefix"
Warning: Got -J even though not aggregating. Ignoring
Error: Could not run SQL Init "create" on file:memory0?mode=memory&cache=shared

# Have -J even though not aggregating (outdb)
$ gufi_query -O outdb   -I "create" -S "insert;" -E "insert;"              -J "insert;" "prefix"
Warning: Got -J even though not aggregating. Ignoring
Error: Could not run SQL Init "create" on outdb.0: incomplete input

# Have -G even though not aggregating (stdout)
$ gufi_query            -I "create" -S "insert;" -E "insert;"              -G "query;"  "prefix"
Warning: Got -G even though not aggregating. Ignoring
Error: Could not run SQL Init "create" on file:memory0?mode=memory&cache=shared

# Have -G even though not aggregating (outfile)
$ gufi_query -o outfile -I "create" -S "insert;" -E "insert;"              -G "query;"  "prefix"
Warning: Got -G even though not aggregating. Ignoring
Error: Could not run SQL Init "create" on file:memory0?mode=memory&cache=shared

# Have -G even though not aggregating (outdb)
$ gufi_query -O outdb   -I "create" -S "insert;" -E "insert;"              -G "query;"  "prefix"
Warning: Got -G even though not aggregating. Ignoring
Error: Could not run SQL Init "create" on outdb.0: incomplete input

#####################################
# Modify Index                      #
#####################################
# Attempt to modify databases in read-only mode
$ gufi_query -a 1 -S "UPDATE summary SET inode = 0;" -E "UPDATE entries SET inode = 0;" "prefix"
Error: attempt to write a readonly database: prefix/db.db: "UPDATE entries SET inode = 0;"
Error: attempt to write a readonly database: prefix/db.db: "UPDATE summary SET inode = 0;"
Error: attempt to write a readonly database: prefix/directory/db.db: "UPDATE entries SET inode = 0;"
Error: attempt to write a readonly database: prefix/directory/db.db: "UPDATE summary SET inode = 0;"
Error: attempt to write a readonly database: prefix/directory/subdirectory/db.db: "UPDATE entries SET inode = 0;"
Error: attempt to write a readonly database: prefix/directory/subdirectory/db.db: "UPDATE summary SET inode = 0;"
Error: attempt to write a readonly database: prefix/empty_directory/db.db: "UPDATE entries SET inode = 0;"
Error: attempt to write a readonly database: prefix/empty_directory/db.db: "UPDATE summary SET inode = 0;"
Error: attempt to write a readonly database: prefix/leaf_directory/db.db: "UPDATE entries SET inode = 0;"
Error: attempt to write a readonly database: prefix/leaf_directory/db.db: "UPDATE summary SET inode = 0;"
Error: attempt to write a readonly database: prefix/unusual%23%3f directory ,/db.db: "UPDATE entries SET inode = 0;"
Error: attempt to write a readonly database: prefix/unusual%23%3f directory ,/db.db: "UPDATE summary SET inode = 0;"

# Use write mode to modify databases
$ gufi_query -a 1 -w -S "UPDATE summary SET inode = 0;" -E "UPDATE entries SET inode = 0;" "prefix"

# Negative check to see if changes have been applied
$ gufi_query -a 1 -d " " -S "SELECT rpath(sname, sroll), inode FROM vrsummary WHERE inode != 0;" -E "SELECT rpath(sname, sroll) || '/' || name, inode FROM vrpentries WHERE inode != 0;" "prefix"

# Positive check to see if changes have been applied
$ gufi_query -a 1 -d " " -S "SELECT rpath(sname, sroll), inode FROM vrsummary WHERE inode == 0;" -E "SELECT rpath(sname, sroll) || '/' || name, inode FROM vrpentries WHERE inode == 0;" "prefix"
prefix 0
prefix/.hidden 0
prefix/1KB 0
prefix/1MB 0
prefix/directory 0
prefix/directory/executable 0
prefix/directory/readonly 0
prefix/directory/subdirectory 0
prefix/directory/subdirectory/directory_symlink 0
prefix/directory/subdirectory/repeat_name 0
prefix/directory/writable 0
prefix/empty_directory 0
prefix/file_symlink 0
prefix/leaf_directory 0
prefix/leaf_directory/leaf_file1 0
prefix/leaf_directory/leaf_file2 0
prefix/old_file 0
prefix/repeat_name 0
prefix/unusual#? directory , 0
prefix/unusual#? directory ,/unusual, name?# 0

# Set timestamps of one db.db file to epoch, query the index with -m flag, and expect no changes
$ touch -amt 197001010000.00 "prefix/db.db"

Expect:
    atime: 0
    mtime: 0

$ gufi_query -d " " -m -S "SELECT name FROM vrsummary;" -E "SELECT name FROM vrpentries;" "prefix" > /dev/null

Got:
    atime: 0
    mtime: 0

# Symlink at Level 1
$ ln -sn "directory/subdirectory" "prefix/symlink"

# directory_symlink shows up 2 times and repeat_name shows up 3 times
$ gufi_query -d " " -m -E "SELECT name FROM vrpentries;" "prefix"
.hidden
1KB
1MB
directory_symlink
directory_symlink
executable
file_symlink
leaf_file1
leaf_file2
old_file
readonly
repeat_name
repeat_name
repeat_name
unusual, name?#
writable

# Symlink at Level 2
$ ln -sn "subdirectory" "prefix/directory/symlink"

# Symlink at Level 2 is ignored
$ gufi_query -d " " -m -E "SELECT name FROM vrpentries;" "prefix"
.hidden
1KB
1MB
directory_symlink
executable
file_symlink
leaf_file1
leaf_file2
old_file
readonly
repeat_name
repeat_name
unusual, name?#
writable

# Missing database file
$ gufi_query -d " " -m -S "SELECT name FROM vrsummary;" -E "SELECT name FROM vrpentries;" "prefix" > /dev/null
Could not database file's timestamps "prefix/db.db": No such file or directory (2)

# multiple input directories are not allowed for partial querying
$ gufi_query -n 2 -D "distributed.0" -y 1 "search" "search"
Error: When -D is passed in, only one root directory may be specified

