$ generatetree prefix

$ gufi_dir2trace -d "|" -n 2 -x "prefix" "trace"

$ gufi_trace2index -d "|" trace.0 trace.1 "prefix" | tail -n 4 | head -n 3
Files: 15
Dirs:  5 (0 empty)
Total: 20

Source Directory:
    prefix
    prefix/.hidden
    prefix/1KB
    prefix/1MB
    prefix/directory
    prefix/directory/executable
    prefix/directory/readonly
    prefix/directory/subdirectory
    prefix/directory/subdirectory/directory_symlink
    prefix/directory/subdirectory/repeat_name
    prefix/directory/writable
    prefix/empty_file
    prefix/file_symlink
    prefix/leaf_directory
    prefix/leaf_directory/leaf_file1
    prefix/leaf_directory/leaf_file2
    prefix/old_file
    prefix/repeat_name
    prefix/unusual#? directory ,
    prefix/unusual#? directory ,/unusual, name?#

GUFI Index:
    prefix
    prefix/.hidden
    prefix/1KB
    prefix/1MB
    prefix/directory
    prefix/directory/executable
    prefix/directory/readonly
    prefix/directory/subdirectory
    prefix/directory/subdirectory/directory_symlink
    prefix/directory/subdirectory/repeat_name
    prefix/directory/writable
    prefix/empty_file
    prefix/file_symlink
    prefix/leaf_directory
    prefix/leaf_directory/leaf_file1
    prefix/leaf_directory/leaf_file2
    prefix/old_file
    prefix/repeat_name
    prefix/unusual#? directory ,
    prefix/unusual#? directory ,/unusual, name?#

