# search
$ gufi_getfattr .

# search with --verbose
$ gufi_getfattr --verbose .
GUFI query is
   gufi_query \
    -n 1 \
    -B 4096 \
    -d ' ' \
    -x \
    -a 1 \
    -S 'SELECT substr(rpath(sname, sroll), 8), xattr_name FROM vrxsummary WHERE ((name REGEXP '"'"'^search$'"'"')) AND (isroot == 1) AND (xattr_name REGEXP '"'"'^user\.'"'"')' \
    search

# 0 xattrs
$ gufi_getfattr prefix

# 1 xattr
$ gufi_getfattr prefix/1MB
prefix/1MB user.size

# 2 xattrs
$ gufi_getfattr prefix/directory/subdirectory
prefix/directory/subdirectory user.name
prefix/directory/subdirectory user.type

# 2 xattrs
$ gufi_getfattr prefix/leaf_directory
prefix/leaf_directory user.name
prefix/leaf_directory user.type

# 3 xattrs
$ gufi_getfattr prefix/leaf_directory/leaf_file1
prefix/leaf_directory/leaf_file1 user.name1
prefix/leaf_directory/leaf_file1 user.name2
prefix/leaf_directory/leaf_file1 user.name3

# 3 xattrs
$ gufi_getfattr prefix/leaf_directory/leaf_file2
prefix/leaf_directory/leaf_file2 user.name4
prefix/leaf_directory/leaf_file2 user.name5
prefix/leaf_directory/leaf_file2 user.name6

# 0 xattrs
$ gufi_getfattr nonexistant_path

# 1 xattr
$ gufi_getfattr --dump prefix/1MB
prefix/1MB user.size 1MB

# 2 xattrs
$ gufi_getfattr --dump prefix/directory/subdirectory
prefix/directory/subdirectory user.name sub
prefix/directory/subdirectory user.type dir

# 2 xattrs
$ gufi_getfattr --dump prefix/leaf_directory
prefix/leaf_directory user.name leaf
prefix/leaf_directory user.type dir

# 3 xattrs
$ gufi_getfattr --dump prefix/leaf_directory/leaf_file1
prefix/leaf_directory/leaf_file1 user.name1 value1
prefix/leaf_directory/leaf_file1 user.name2 value2
prefix/leaf_directory/leaf_file1 user.name3 value3

# 3 xattrs
$ gufi_getfattr --dump prefix/leaf_directory/leaf_file2
prefix/leaf_directory/leaf_file2 user.name4 value4
prefix/leaf_directory/leaf_file2 user.name5 value5
prefix/leaf_directory/leaf_file2 user.name6 value6

# No matching name
$ gufi_getfattr --name user.name prefix/1MB

# 1 xattr
$ gufi_getfattr --name user.size prefix/1MB
prefix/1MB user.size

# 1 xattr
$ gufi_getfattr --name user.type prefix/directory/subdirectory
prefix/directory/subdirectory user.type

# 1 xattr
$ gufi_getfattr --name user.name prefix/leaf_directory
prefix/leaf_directory user.name

# 1 xattr
$ gufi_getfattr --name user.name1 prefix/leaf_directory/leaf_file1
prefix/leaf_directory/leaf_file1 user.name1

# 1 xattr
$ gufi_getfattr --name user.name4 prefix/leaf_directory/leaf_file2
prefix/leaf_directory/leaf_file2 user.name4

# No matching name
$ gufi_getfattr --match system.* prefix/1MB

# 1 xattr
$ gufi_getfattr --match user.* prefix/1MB
prefix/1MB user.size

# 2 xattrs
$ gufi_getfattr --match .*name prefix/directory/subdirectory
prefix/directory/subdirectory user.name

# 2 xattrs
$ gufi_getfattr --match .*type prefix/leaf_directory
prefix/leaf_directory user.type

# 3 xattrs
$ gufi_getfattr --match .*name.* prefix/leaf_directory/leaf_file1
prefix/leaf_directory/leaf_file1 user.name1
prefix/leaf_directory/leaf_file1 user.name2
prefix/leaf_directory/leaf_file1 user.name3

# 3 xattrs
$ gufi_getfattr --match user\..* prefix/leaf_directory/leaf_file2
prefix/leaf_directory/leaf_file2 user.name4
prefix/leaf_directory/leaf_file2 user.name5
prefix/leaf_directory/leaf_file2 user.name6

# 1 xattr
$ gufi_getfattr --only-values prefix/1MB
1MB

# 2 xattrs
$ gufi_getfattr --only-values prefix/directory/subdirectory
dir
sub

# 2 xattrs
$ gufi_getfattr --only-values prefix/leaf_directory
dir
leaf

# 3 xattrs
$ gufi_getfattr --only-values prefix/leaf_directory/leaf_file1
value1
value2
value3

# 3 xattrs
$ gufi_getfattr --only-values prefix/leaf_directory/leaf_file2
value4
value5
value6

# 11 xattrs
$ gufi_getfattr --recursive .
prefix/1MB user.size
prefix/directory/subdirectory user.name
prefix/directory/subdirectory user.type
prefix/leaf_directory user.name
prefix/leaf_directory user.type
prefix/leaf_directory/leaf_file1 user.name1
prefix/leaf_directory/leaf_file1 user.name2
prefix/leaf_directory/leaf_file1 user.name3
prefix/leaf_directory/leaf_file2 user.name4
prefix/leaf_directory/leaf_file2 user.name5
prefix/leaf_directory/leaf_file2 user.name6

# 1 xattr - ignore --recursive because path is a file
$ gufi_getfattr --recursive prefix/1MB
prefix/1MB user.size

# 2 xattrs
$ gufi_getfattr --recursive prefix/directory
prefix/directory/subdirectory user.name
prefix/directory/subdirectory user.type

# 2 xattrs
$ gufi_getfattr --recursive prefix/directory/subdirectory
prefix/directory/subdirectory user.name
prefix/directory/subdirectory user.type

# 8 xattrs
$ gufi_getfattr --recursive prefix/leaf_directory
prefix/leaf_directory user.name
prefix/leaf_directory user.type
prefix/leaf_directory/leaf_file1 user.name1
prefix/leaf_directory/leaf_file1 user.name2
prefix/leaf_directory/leaf_file1 user.name3
prefix/leaf_directory/leaf_file2 user.name4
prefix/leaf_directory/leaf_file2 user.name5
prefix/leaf_directory/leaf_file2 user.name6

# --name takes precedence over --match (bad name)
$ gufi_getfattr --name user.name --match user.* prefix/1MB

# --name takes precedence over --match (bad match)
$ gufi_getfattr --name user.size --match .*name.* prefix/1MB
prefix/1MB user.size

# --only-values overwrites --dump
$ gufi_getfattr --only-values --dump prefix/1MB
1MB

# --only-values overwrites --dump, and is affected by bad name
$ gufi_getfattr --only-values --dump --name user.name prefix/1MB

# --only-values overwrites --dump, and is affected by good name
$ gufi_getfattr --only-values --dump --name user.size prefix/1MB
1MB

# --only-values overwrites --dump, and is affected by bad match pattern
$ gufi_getfattr --only-values --dump --match .*name.* prefix/1MB

# --only-values overwrites --dump, and is affected by good match pattern
$ gufi_getfattr --only-values --dump --match .*size.* prefix/1MB
1MB

# --only-values overwrites --dump, and is affected by --name and --match (bad name)
$ gufi_getfattr --only-values --dump --name user.name --match .*user.* prefix/1MB

# --only-values overwrites --dump, and is affected by --name and --match (bad match)
$ gufi_getfattr --only-values --dump --name user.size --match .*name.* prefix/1MB
1MB

# bad path
$ gufi_getfattr .. prefix/../..
Warning: Ignoring path "..", which is not under index root "search"
Warning: Ignoring path "prefix/../..", which is not under index root "search"

