Index Everything:
    Source Directory:
        prefix
        prefix/.hidden
        prefix/1KB
        prefix/1MB
        prefix/directory
        prefix/directory/executable
        prefix/directory/readonly
        prefix/directory/subdirectory
        prefix/directory/subdirectory/directory_symlink
        prefix/directory/subdirectory/repeat_name
        prefix/directory/writable
        prefix/empty_file
        prefix/file_symlink
        prefix/leaf_directory
        prefix/leaf_directory/leaf_file1
        prefix/leaf_directory/leaf_file2
        prefix/old_file
        prefix/repeat_name
        prefix/unusual#? directory ,
        prefix/unusual#? directory ,/unusual, name?#

    GUFI Index:
        prefix
        prefix/.hidden
        prefix/1KB
        prefix/1MB
        prefix/directory
        prefix/directory/executable
        prefix/directory/readonly
        prefix/directory/subdirectory
        prefix/directory/subdirectory/directory_symlink
        prefix/directory/subdirectory/repeat_name
        prefix/directory/writable
        prefix/empty_file
        prefix/file_symlink
        prefix/leaf_directory
        prefix/leaf_directory/leaf_file1
        prefix/leaf_directory/leaf_file2
        prefix/old_file
        prefix/repeat_name
        prefix/unusual#? directory ,
        prefix/unusual#? directory ,/unusual, name?#

Index up to level 0:
    Source Directory:
        prefix

    GUFI Index:
        prefix

Index up to level 1:
    Source Directory:
        prefix
        prefix/.hidden
        prefix/1KB
        prefix/1MB
        prefix/directory
        prefix/empty_file
        prefix/file_symlink
        prefix/leaf_directory
        prefix/old_file
        prefix/repeat_name
        prefix/unusual#? directory ,

    GUFI Index:
        prefix
        prefix/.hidden
        prefix/1KB
        prefix/1MB
        prefix/directory
        prefix/empty_file
        prefix/file_symlink
        prefix/leaf_directory
        prefix/old_file
        prefix/repeat_name
        prefix/unusual#? directory ,

Index up to level 2:
    Source Directory:
        prefix
        prefix/.hidden
        prefix/1KB
        prefix/1MB
        prefix/directory
        prefix/directory/executable
        prefix/directory/readonly
        prefix/directory/subdirectory
        prefix/directory/writable
        prefix/empty_file
        prefix/file_symlink
        prefix/leaf_directory
        prefix/leaf_directory/leaf_file1
        prefix/leaf_directory/leaf_file2
        prefix/old_file
        prefix/repeat_name
        prefix/unusual#? directory ,
        prefix/unusual#? directory ,/unusual, name?#

    GUFI Index:
        prefix
        prefix/.hidden
        prefix/1KB
        prefix/1MB
        prefix/directory
        prefix/directory/executable
        prefix/directory/readonly
        prefix/directory/subdirectory
        prefix/directory/writable
        prefix/empty_file
        prefix/file_symlink
        prefix/leaf_directory
        prefix/leaf_directory/leaf_file1
        prefix/leaf_directory/leaf_file2
        prefix/old_file
        prefix/repeat_name
        prefix/unusual#? directory ,
        prefix/unusual#? directory ,/unusual, name?#

Index up to level 3:
    Source Directory:
        prefix
        prefix/.hidden
        prefix/1KB
        prefix/1MB
        prefix/directory
        prefix/directory/executable
        prefix/directory/readonly
        prefix/directory/subdirectory
        prefix/directory/subdirectory/directory_symlink
        prefix/directory/subdirectory/repeat_name
        prefix/directory/writable
        prefix/empty_file
        prefix/file_symlink
        prefix/leaf_directory
        prefix/leaf_directory/leaf_file1
        prefix/leaf_directory/leaf_file2
        prefix/old_file
        prefix/repeat_name
        prefix/unusual#? directory ,
        prefix/unusual#? directory ,/unusual, name?#

    GUFI Index:
        prefix
        prefix/.hidden
        prefix/1KB
        prefix/1MB
        prefix/directory
        prefix/directory/executable
        prefix/directory/readonly
        prefix/directory/subdirectory
        prefix/directory/subdirectory/directory_symlink
        prefix/directory/subdirectory/repeat_name
        prefix/directory/writable
        prefix/empty_file
        prefix/file_symlink
        prefix/leaf_directory
        prefix/leaf_directory/leaf_file1
        prefix/leaf_directory/leaf_file2
        prefix/old_file
        prefix/repeat_name
        prefix/unusual#? directory ,
        prefix/unusual#? directory ,/unusual, name?#

