# gufi_sqlite3 help
$ gufi_sqlite3 -h
usage: gufi_sqlite3 [options] [db [SQL]...]
options:
  -h                     help
  -v                     version
  -d <delim>             delimiter (one char)  [use 'x' for 0x1E]

db                       db file path
SQL                      SQL statements to run

If no SQL statements are passed in, will read from stdin
Dot commands are not supported


# new db file + argv
$ gufi_sqlite3 "test.db" "CREATE TABLE new_table(i INT);" "INSERT INTO new_table VALUES (0), (1), (2);"

# existing db file + argv
$ gufi_sqlite3 "test.db" "SELECT * FROM new_table ORDER BY i DESC;"
2
1
0

$ rm -f "test.db"

# new db file + stdin
$ (echo "CREATE TABLE new_table(i INT);"; echo "INSERT INTO new_table VALUES (3), (4), (5);") | gufi_sqlite3 "test.db"

# existing db file + stdin
$ echo "SELECT * FROM new_table ORDER BY i DESC;" | gufi_sqlite3 "test.db"
5
4
3

# in-memory db
$ (echo "CREATE TABLE new_table(i INT);"; echo "INSERT INTO new_table VALUES (6), (7), (8);"; echo "SELECT * FROM new_table ORDER BY i DESC;") | gufi_sqlite3
8
7
6

# directory as db
$ gufi_sqlite3 "search"
Error: Could not open database file "search"

# gufi_vt_*
$ echo "SELECT size, path || '/' || name FROM gufi_vt_pentries('prefix') ORDER BY size ASC;" | gufi_sqlite3 -d "|"
0|prefix/old_file
1|prefix/directory/executable
2|prefix/directory/readonly
3|prefix/directory/writable
4|prefix/directory/subdirectory/directory_symlink
5|prefix/directory/subdirectory/repeat_name
9|prefix/file_symlink
10|prefix/.hidden
11|prefix/leaf_directory/leaf_file1
12|prefix/leaf_directory/leaf_file2
14|prefix/repeat_name
15|prefix/unusual#? directory ,/unusual, name?#
1024|prefix/1KB
1048576|prefix/1MB

# gufi_vt
$ echo -n "CREATE VIRTUAL TABLE gufi USING gufi_vt('prefix', E='SELECT path() || '/' || name AS fullpath, size FROM pentries;'); SELECT size, fullpath FROM gufi ORDER BY size ASC, fullpath ASC;" | gufi_sqlite3 -d "|"
0|prefix/old_file
1|prefix/directory/executable
2|prefix/directory/readonly
3|prefix/directory/writable
4|prefix/directory/subdirectory/directory_symlink
5|prefix/directory/subdirectory/repeat_name
9|prefix/file_symlink
10|prefix/.hidden
11|prefix/leaf_directory/leaf_file1
12|prefix/leaf_directory/leaf_file2
14|prefix/repeat_name
15|prefix/unusual#? directory ,/unusual, name?#
1024|prefix/1KB
1048576|prefix/1MB

# bad SQL
$ (echo "CREATE TABLE;") | gufi_sqlite3
Error: SQL error: near ";": syntax error

