# gufi_dir2trace help
$ gufi_dir2trace
usage: gufi_dir2trace [options] input_dir... output_prefix
options:
  -h                     help
  -H                     show assigned input values (debugging)
  -v                     version
  -n <threads>           number of threads
  -x                     index/query xattrs
  -y <min level>         minimum level to go down
  -z <max level>         maximum level to go down
  -d <delim>             delimiter (one char)  [use 'x' for 0x1E]
  -k <filename>          file containing directory names to skip
  -M <bytes>             target memory footprint
  -s <path>              File name prefix for swap files
  -C <count>             Number of subdirectories allowed to be enqueued for parallel processing. Any remainders will be processed in-situ
  -e                     compress work items
  -q                     check that external databases are valid before tracking during indexing
  -D <filename>          File containing paths at single level to index (not including starting path). Must also use -y

input_dir...         walk one or more trees to produce trace file
output_prefix        prefix of output files (<prefix>.<tid>)


$ gufi_dir2trace -d "|" -n 2 -x "prefix" "trace"
Creating GUFI Traces trace with 2 threads
Total Dirs:          6
Total Files:         15

Expecting 2 trace files. Found 2.
Expecting 21 lines. Got 21.
Expecting 23 columns per row. Got 23.
Source Directory:
    prefix
    prefix/.hidden
    prefix/1KB
    prefix/1MB
    prefix/directory
    prefix/directory/executable
    prefix/directory/readonly
    prefix/directory/subdirectory
    prefix/directory/subdirectory/directory_symlink
    prefix/directory/subdirectory/repeat_name
    prefix/directory/writable
    prefix/empty_directory
    prefix/external.gufi
    prefix/file_symlink
    prefix/leaf_directory
    prefix/leaf_directory/leaf_file1
    prefix/leaf_directory/leaf_file2
    prefix/old_file
    prefix/repeat_name
    prefix/unusual#?
    prefix/unusual#?
Trace File:
    prefix
    prefix/.hidden
    prefix/1KB
    prefix/1MB
    prefix/directory
    prefix/directory/executable
    prefix/directory/readonly
    prefix/directory/subdirectory
    prefix/directory/subdirectory/directory_symlink
    prefix/directory/subdirectory/repeat_name
    prefix/directory/writable
    prefix/empty_directory
    prefix/external.gufi
    prefix/file_symlink
    prefix/leaf_directory
    prefix/leaf_directory/leaf_file1
    prefix/leaf_directory/leaf_file2
    prefix/old_file
    prefix/repeat_name
    prefix/unusual#?
    prefix/unusual#?

$ mkdir "prefix.0"

# target is directory
$ gufi_dir2trace -d "|" -n 2 "prefix" "prefix"
"prefix.0" Already exists!
Destination path is not a file "prefix.0"

$ rm -r "prefix.0"

# ######################################
# partial indexing setup
$ find "prefix" -mindepth 1 -maxdepth 1 -type d | sed "s/prefix\///g;" | sort > distributed

$ head -n 2 "distributed" > "distributed.0"

$ tail -n +3 "distributed" > "distributed.1"

# ######################################

# ######################################
# partial indexing (first half)
$ cat "distributed.0"
directory
empty_directory

$ gufi_dir2trace -d "|" -n 2 -D "distributed.0" -y 1 "prefix" "trace"
"trace.0" Already exists!
"trace.1" Already exists!
Creating GUFI Traces trace with 2 threads
Total Dirs:          4
Total Files:         5

$ cat trace.0 trace.1 | awk -F '|' '{ print $1 }' | sort
prefix/directory
prefix/directory/executable
prefix/directory/readonly
prefix/directory/subdirectory
prefix/directory/subdirectory/directory_symlink
prefix/directory/subdirectory/repeat_name
prefix/directory/writable
prefix/empty_directory

# ######################################

# ######################################
# partial indexing (second half)
$ cat "distributed.1"
leaf_directory
unusual#? directory ,

$ gufi_dir2trace -d "|" -n 2 -D "distributed.1" -y 1 "prefix" "trace"
"trace.0" Already exists!
"trace.1" Already exists!
Creating GUFI Traces trace with 2 threads
Total Dirs:          3
Total Files:         3

$ cat trace.0 trace.1 | awk -F '|' '{ print $1 }' | sort
prefix/leaf_directory
prefix/leaf_directory/leaf_file1
prefix/leaf_directory/leaf_file2
prefix/unusual#? directory ,
prefix/unusual#? directory ,/unusual, name?#

# ######################################

# ######################################
# combine partial indexing
$ gufi_dir2trace -d "|" -n 2 -D "distributed.0" -y 1 "prefix" "first"
Creating GUFI Traces first with 2 threads
Total Dirs:          4
Total Files:         5

$ gufi_dir2trace -d "|" -n 2 -D "distributed.1" -y 1 "prefix" "second"
Creating GUFI Traces second with 2 threads
Total Dirs:          3
Total Files:         3

$ gufi_dir2trace -d "|" -n 2 -z 0 "prefix" "trace"
"trace.0" Already exists!
"trace.1" Already exists!
Creating GUFI Traces trace with 2 threads
Total Dirs:          1
Total Files:         7

$ cat trace.0 trace.1 first.* second.* | awk -F '|' '{ print $1 }' | sort
/external/db
prefix
prefix/.hidden
prefix/1KB
prefix/1MB
prefix/directory
prefix/directory/executable
prefix/directory/readonly
prefix/directory/subdirectory
prefix/directory/subdirectory/directory_symlink
prefix/directory/subdirectory/repeat_name
prefix/directory/writable
prefix/empty_directory
prefix/external.gufi
prefix/file_symlink
prefix/leaf_directory
prefix/leaf_directory/leaf_file1
prefix/leaf_directory/leaf_file2
prefix/old_file
prefix/repeat_name
prefix/unusual#? directory ,
prefix/unusual#? directory ,/unusual, name?#

# ######################################

# source path is file
$ gufi_dir2trace -d "|" -n 2 "prefix/1KB" "trace"
"trace.0" Already exists!
"trace.1" Already exists!
Creating GUFI Traces trace with 2 threads
Source path is not a directory "prefix/1KB"
Total Dirs:          0
Total Files:         0

# empty source path
$ gufi_dir2trace -d "|" -n 2 "" "trace"
Creating GUFI Traces trace with 2 threads
Could not resolve path "": No such file or directory (2)
Total Dirs:          0
Total Files:         0

# nonexistant trace directory
$ gufi_dir2trace -d "|" -n 2 "" "baddir/trace"
Could not open output file baddir/trace.0

# skip file
$ gufi_dir2trace -d "|" -n 2 -k "skip" "prefix" "trace"
"trace.0" Already exists!
"trace.1" Already exists!
Creating GUFI Traces trace with 2 threads
Total Dirs:          4
Total Files:         10

$ cat trace.0 trace.1 | awk -F "|" '{print $1}' | sed '/\/external\/db/d;'
prefix
prefix/.hidden
prefix/1KB
prefix/1MB
prefix/empty_directory
prefix/external.gufi
prefix/file_symlink
prefix/leaf_directory
prefix/leaf_directory/leaf_file1
prefix/leaf_directory/leaf_file2
prefix/old_file
prefix/repeat_name
prefix/unusual#? directory ,
prefix/unusual#? directory ,/unusual, name?#

# bad skip file
$ gufi_dir2trace -d "|" -n 2 -k "skip.bad" "prefix" "trace"
Error: Cannot open skip file "skip.bad"

# bad thread count
$ gufi_dir2trace -n 18446744073709551615 "prefix" "trace"
Could not allocate space for 18446744073709551615 files

