$ parallel_rmr --help
usage: parallel_rmr [options] directory ...
options:
  -h, --help                        help
  -H, --debug                       show assigned input values (debugging)
  -v, --version                     version
  -n, --threads <n>                 number of threads

directory        directory to delete


$ ls -1 prefix
db.db
directory
empty_directory
leaf_directory
unusual#? directory ,

$ parallel_rmr -n 2 "prefix/directory" "prefix/empty_directory" "prefix/leaf_directory"

$ ls -1 prefix
db.db
unusual#? directory ,

$ parallel_rmr -n 18446744073709551615 "prefix"
Error: Failed to start thread pool

