$ treediff --help
usage: treediff [options] lhs rhs
options:
  -h, --help                        help
  -H, --debug                       show assigned input values (debugging)
  -n, --threads <n>                 number of threads
      --max-level <n>               maximum level to go down
      --skip-file <filename>        file containing directory names to skip

lhs               starting path of tree used on left hand side of this comparision
rhs               starting path of tree used on right hand side of this comparision


# Compare against the same tree
$ treediff "search" "search"

# Compare against source tree
$ treediff "prefix" "prefix"

$ mv "prefix/directory" "prefix/new_name"

# Create directory that will come after "unusual#? directory ," to run cleanup code
$ mkdir "prefix/xyz"

# Compare different trees
$ treediff "prefix" "prefix"
prefix/directory
prefix/new_name
prefix/xyz

$ treediff "prefix" "prefix"
prefix/directory
prefix/new_name
prefix/xyz

# Not enough levels to show differences
$ treediff --max-level 0 "prefix" "prefix"

# Bad left hand path
$ treediff "" "search"
Error: Could not stat left directory "": No such file or directory (2)

# Bad right hand path
$ treediff "search" ""
Error: Could not stat right directory "": No such file or directory (2)

# Bad skip
$ treediff --skip-file "" "prefix" "prefix"
Error: Cannot open skip file ""

# Bad thread count
$ treediff -n 18446744073709551615 "prefix" "prefix"
Error: Could not initialize 18446744073709551615 output buffers

